Archive member included to satisfy reference by file (symbol)

../Lib/bin/libavionics.a(MatrixFunctions.o)
                              ./build/ldataacquisition.o (arm_mat_init_f32)
../Lib/bin/libavionics.a(BasicMathFunctions.o)
                              ../Lib/bin/libavionics.a(MatrixFunctions.o) (arm_dot_prod_f32)
../Lib/bin/libavionics.a(slidingwindow.o)
                              ./build/main.o (SlidingWindow_init)
../Lib/bin/libavionics.a(kalmanfilter.o)
                              ./build/ldataacquisition.o (KalmanFilter_init)
../Lib/bin/libavionics.a(quaternion.o)
                              ./build/main.o (Quaternion_init)
../Lib/bin/libavionics.a(membuff.o)
                              ./build/main.o (MemBuff_init)
c:/program files (x86)/gnu arm embedded toolchain/10 2021.10/bin/../lib/gcc/arm-none-eabi/10.3.1/../../../../arm-none-eabi/lib/thumb/v7e-m+fp/hard\libm.a(lib_a-sf_cos.o)
                              ../Lib/bin/libavionics.a(quaternion.o) (cosf)
c:/program files (x86)/gnu arm embedded toolchain/10 2021.10/bin/../lib/gcc/arm-none-eabi/10.3.1/../../../../arm-none-eabi/lib/thumb/v7e-m+fp/hard\libm.a(lib_a-sf_sin.o)
                              ../Lib/bin/libavionics.a(quaternion.o) (sinf)
c:/program files (x86)/gnu arm embedded toolchain/10 2021.10/bin/../lib/gcc/arm-none-eabi/10.3.1/../../../../arm-none-eabi/lib/thumb/v7e-m+fp/hard\libm.a(lib_a-w_acos.o)
                              ./build/hdataacquisition.o (acos)
c:/program files (x86)/gnu arm embedded toolchain/10 2021.10/bin/../lib/gcc/arm-none-eabi/10.3.1/../../../../arm-none-eabi/lib/thumb/v7e-m+fp/hard\libm.a(lib_a-w_pow.o)
                              ./build/ldataacquisition.o (pow)
c:/program files (x86)/gnu arm embedded toolchain/10 2021.10/bin/../lib/gcc/arm-none-eabi/10.3.1/../../../../arm-none-eabi/lib/thumb/v7e-m+fp/hard\libm.a(lib_a-w_sqrt.o)
                              ../Lib/bin/libavionics.a(MatrixFunctions.o) (sqrt)
c:/program files (x86)/gnu arm embedded toolchain/10 2021.10/bin/../lib/gcc/arm-none-eabi/10.3.1/../../../../arm-none-eabi/lib/thumb/v7e-m+fp/hard\libm.a(lib_a-e_acos.o)
                              c:/program files (x86)/gnu arm embedded toolchain/10 2021.10/bin/../lib/gcc/arm-none-eabi/10.3.1/../../../../arm-none-eabi/lib/thumb/v7e-m+fp/hard\libm.a(lib_a-w_acos.o) (__ieee754_acos)
c:/program files (x86)/gnu arm embedded toolchain/10 2021.10/bin/../lib/gcc/arm-none-eabi/10.3.1/../../../../arm-none-eabi/lib/thumb/v7e-m+fp/hard\libm.a(lib_a-e_pow.o)
                              c:/program files (x86)/gnu arm embedded toolchain/10 2021.10/bin/../lib/gcc/arm-none-eabi/10.3.1/../../../../arm-none-eabi/lib/thumb/v7e-m+fp/hard\libm.a(lib_a-w_pow.o) (__ieee754_pow)
c:/program files (x86)/gnu arm embedded toolchain/10 2021.10/bin/../lib/gcc/arm-none-eabi/10.3.1/../../../../arm-none-eabi/lib/thumb/v7e-m+fp/hard\libm.a(lib_a-e_sqrt.o)
                              c:/program files (x86)/gnu arm embedded toolchain/10 2021.10/bin/../lib/gcc/arm-none-eabi/10.3.1/../../../../arm-none-eabi/lib/thumb/v7e-m+fp/hard\libm.a(lib_a-w_sqrt.o) (__ieee754_sqrt)
c:/program files (x86)/gnu arm embedded toolchain/10 2021.10/bin/../lib/gcc/arm-none-eabi/10.3.1/../../../../arm-none-eabi/lib/thumb/v7e-m+fp/hard\libm.a(lib_a-ef_rem_pio2.o)
                              c:/program files (x86)/gnu arm embedded toolchain/10 2021.10/bin/../lib/gcc/arm-none-eabi/10.3.1/../../../../arm-none-eabi/lib/thumb/v7e-m+fp/hard\libm.a(lib_a-sf_cos.o) (__ieee754_rem_pio2f)
c:/program files (x86)/gnu arm embedded toolchain/10 2021.10/bin/../lib/gcc/arm-none-eabi/10.3.1/../../../../arm-none-eabi/lib/thumb/v7e-m+fp/hard\libm.a(lib_a-kf_cos.o)
                              c:/program files (x86)/gnu arm embedded toolchain/10 2021.10/bin/../lib/gcc/arm-none-eabi/10.3.1/../../../../arm-none-eabi/lib/thumb/v7e-m+fp/hard\libm.a(lib_a-sf_cos.o) (__kernel_cosf)
c:/program files (x86)/gnu arm embedded toolchain/10 2021.10/bin/../lib/gcc/arm-none-eabi/10.3.1/../../../../arm-none-eabi/lib/thumb/v7e-m+fp/hard\libm.a(lib_a-kf_rem_pio2.o)
                              c:/program files (x86)/gnu arm embedded toolchain/10 2021.10/bin/../lib/gcc/arm-none-eabi/10.3.1/../../../../arm-none-eabi/lib/thumb/v7e-m+fp/hard\libm.a(lib_a-ef_rem_pio2.o) (__kernel_rem_pio2f)
c:/program files (x86)/gnu arm embedded toolchain/10 2021.10/bin/../lib/gcc/arm-none-eabi/10.3.1/../../../../arm-none-eabi/lib/thumb/v7e-m+fp/hard\libm.a(lib_a-kf_sin.o)
                              c:/program files (x86)/gnu arm embedded toolchain/10 2021.10/bin/../lib/gcc/arm-none-eabi/10.3.1/../../../../arm-none-eabi/lib/thumb/v7e-m+fp/hard\libm.a(lib_a-sf_cos.o) (__kernel_sinf)
c:/program files (x86)/gnu arm embedded toolchain/10 2021.10/bin/../lib/gcc/arm-none-eabi/10.3.1/../../../../arm-none-eabi/lib/thumb/v7e-m+fp/hard\libm.a(lib_a-math_err.o)
[...]
Memory Configuration

Name             Origin             Length             Attributes
FLASH            0x08000000         0x001e0000         xr
USERDATA         0x081e0000         0x00020000         rw
RAM              0x20000000         0x00030000         xrw
CCMRAM           0x10000000         0x00010000         rw
*default*        0x00000000         0xffffffff

Linker script and memory map

LOAD ./build/startup_stm32f4xx.o
LOAD ./build/system_stm32f4xx.o
LOAD ./build/freertos.o
LOAD ./build/main.o
LOAD ./build/drivers.o
LOAD ./build/devices.o
LOAD ./build/launch.o
LOAD ./build/mem.o
LOAD ./build/baro.o
LOAD ./build/help.o
LOAD ./build/freertos_1.o
LOAD ./build/stateupdate.o
LOAD ./build/loracomm.o
LOAD ./build/usbcomm.o
LOAD ./build/flashwrite.o
LOAD ./build/gpsacquisition.o
LOAD ./build/hdataacquisition.o
LOAD ./build/ldataacquisition.o
LOAD ./build/payloadcomm.o
LOAD ./build/can.o
LOAD ./build/spi.o
LOAD ./build/flash.o
LOAD ./build/lora.o
LOAD ./build/sensors.o
LOAD ./build/kx134_1211.o
LOAD ./build/a3g4250d.o
LOAD ./build/bmp581.o
LOAD ./build/uart.o
LOAD ./build/gps.o
LOAD ./build/shell.o
LOAD ./build/croutine.o
LOAD ./build/list.o
LOAD ./build/queue.o
LOAD ./build/stream_buffer.o
LOAD ./build/tasks.o
LOAD ./build/timers.o
LOAD ./build/heap_4.o
LOAD ./build/port.o
LOAD ./build/event_groups.o
LOAD ./build/segger_rtt.o
LOAD ./build/trcassert.o
LOAD ./build/trccounter.o
LOAD ./build/trcdependency.o
LOAD ./build/trcdiagnostics.o
LOAD ./build/trcentrytable.o
LOAD ./build/trcerror.o
LOAD ./build/trcevent.o
LOAD ./build/trceventbuffer.o
LOAD ./build/trcextension.o
LOAD ./build/trchardwareport.o
LOAD ./build/trcheap.o
LOAD ./build/trcinternaleventbuffer.o
LOAD ./build/trcinterval.o
LOAD ./build/trcisr.o
LOAD ./build/trckernelport.o
LOAD ./build/trcmulticoreeventbuffer.o
LOAD ./build/trcobject.o
LOAD ./build/trcprint.o
LOAD ./build/trcrunnable.o
LOAD ./build/trcsnapshotrecorder.o
LOAD ./build/trcstackmonitor.o
LOAD ./build/trcstatemachine.o
LOAD ./build/trcstaticbuffer.o
LOAD ./build/trcstreamingrecorder.o
LOAD ./build/trcstreamport.o
LOAD ./build/trcstring.o
LOAD ./build/trctask.o
LOAD ./build/trctimestamp.o
LOAD ../Lib/bin/libavionics.a
LOAD c:/program files (x86)/gnu arm embedded toolchain/10 2021.10/bin/../lib/gcc/arm-none-eabi/10.3.1/../../../../arm-none-eabi/lib/thumb/v7e-m+fp/hard\libm.a
START GROUP
LOAD c:/program files (x86)/gnu arm embedded toolchain/10 2021.10/bin/../lib/gcc/arm-none-eabi/10.3.1/thumb/v7e-m+fp/hard\libgcc.a
LOAD c:/program files (x86)/gnu arm embedded toolchain/10 2021.10/bin/../lib/gcc/arm-none-eabi/10.3.1/../../../../arm-none-eabi/lib/thumb/v7e-m+fp/hard\libc.a
END GROUP
START GROUP
LOAD c:/program files (x86)/gnu arm embedded toolchain/10 2021.10/bin/../lib/gcc/arm-none-eabi/10.3.1/thumb/v7e-m+fp/hard\libgcc.a
LOAD c:/program files (x86)/gnu arm embedded toolchain/10 2021.10/bin/../lib/gcc/arm-none-eabi/10.3.1/../../../../arm-none-eabi/lib/thumb/v7e-m+fp/hard\libc.a
LOAD c:/program files (x86)/gnu arm embedded toolchain/10 2021.10/bin/../lib/gcc/arm-none-eabi/10.3.1/../../../../arm-none-eabi/lib/thumb/v7e-m+fp/hard\libnosys.a
END GROUP
                0x2002ffff                _estack = 0x2002ffff
                0x00001500                _Min_Heap_Size = 0x1500
                0x00001000                _Min_Stack_Size = 0x1000

.isr_vector     0x08000000      0x188
                0x08000000                . = ALIGN (0x4)
 *(.isr_vector)
 .isr_vector    0x08000000      0x188 ./build/startup_stm32f4xx.o
                0x08000000                g_pfnVectors
                0x08000188                . = ALIGN (0x4)

.text           0x080001c0    0x1c9e4
                0x080001c0                . = ALIGN (0x4)
 *(.text)
 .text          0x080001c0       0x14 ./build/startup_stm32f4xx.o
 .text          0x080001d4      0x4bc ./build/system_stm32f4xx.o
                0x080001d4                SystemInit
                0x08000340                SystemCoreClockUpdate
 .text          0x08000690        0x0 ./build/freertos.o
 .text          0x08000690      0x798 ./build/main.o
                0x08000720                main
                0x080007a0                vDeviceInit
                0x08000a08                vSystemInit
                0x08000dac                configure_interrupts
                0x08000e18                _init
 .text          0x08000e28      0x6c4 ./build/drivers.o
                0x08000e28                configure_RCC_APB1
                0x08000e6c                configure_RCC_APB2
                0x08000eb4                configure_RCC_AHB1
                0x08000ef0                configure_SPI4_Flash
                0x08001014                configure_SPI3_LoRa
                0x080011b8                configure_UART3_GPS
                0x0800129c                configure_MISC_GPIO
                0x0800138c                TIM6init
                0x080013dc                TIM7init
                0x08001454                buzzer
 .text          0x080014ec      0x170 ./build/devices.o
                0x080014ec                StateHandle_getHandle
                0x08001558                StateHandle_getHandleRef
                0x080015a4                DeviceHandle_getHandle
                0x08001610                DeviceHandle_getHandleRef
 .text          0x0800165c       0x70 ./build/launch.o
 .text          0x080016cc      0x168 ./build/mem.o
 .text          0x08001834       0xfc ./build/baro.o
 .text          0x08001930       0x48 ./build/help.o
 .text          0x08001978        0x0 ./build/freertos_1.o
 .text          0x08001978      0x36c ./build/stateupdate.o
                0x08001978                vStateUpdate
 .text          0x08001ce4      0x200 ./build/loracomm.o
                0x08001ce4                vLoRaTransmit
                0x08001d60                vLoRaSample
                0x08001e88                EXTI1_IRQHandler
 .text          0x08001ee4      0x1ac ./build/usbcomm.o
                0x08001ee4                vUsbTransmit
                0x08001f40                vUsbReceive
                0x0800200c                USART6_IRQHandler
 .text          0x08002090      0x118 ./build/flashwrite.o
                0x08002090                vIdle
                0x080020d4                vFlashBuffer
 .text          0x080021a8       0xc0 ./build/gpsacquisition.o
                0x080021a8                vGpsTransmit
 .text          0x08002268      0x3e4 ./build/hdataacquisition.o
                0x08002268                vHDataAcquisition
 *fill*         0x0800264c        0x4 
 .text          0x08002650      0x484 ./build/ldataacquisition.o
                0x08002650                vLDataAcquisition
 .text          0x08002ad4      0x188 ./build/payloadcomm.o
                0x08002ad4                payloadCANRequest
                0x08002b64                vPayloadTransmit
                0x08002be4                CAN2_RX1_IRQHandler
 .text          0x08002c5c      0x54c ./build/can.o
                0x08002c5c                CAN_RX
                0x08002d44                CAN_TX
                0x08002ef0                find_empty_CAN_TX_mailbox
                0x08002f08                CANGPIO_config
                0x08002fc8                CAN_Peripheral_config
 .text          0x080031a8      0x180 ./build/spi.o
                0x080031a8                SPI_init
                0x0800321c                SPI_transmit
 .text          0x08003328      0x3f4 ./build/flash.o
                0x08003328                Flash_init
                0x080033a4                _Flash_writeEnable
                0x080033ee                _Flash_readStatus1
                0x08003456                _Flash_readStatus2
                0x080034be                _Flash_readStatus3
                0x08003526                Flash_erase
                0x08003592                Flash_writePage
                0x08003666                Flash_readPage
 .text          0x0800371c      0x3f0 ./build/lora.o
                0x0800371c                LoRa_init
                0x080037dc                _LoRa_setMode
                0x08003818                LoRa_AVData
                0x080038fa                LoRa_GPSData
                0x08003978                LoRa_PayloadData
                0x080039e2                LoRa_transmit
                0x08003a3e                LoRa_writeRegister
                0x08003aac                LoRa_readRegister
 .text          0x08003b0c      0x164 ./build/sensors.o
                0x08003b0c                configure_SPI1_Sensor_Suite
 .text          0x08003c70      0x534 ./build/kx134_1211.o
                0x08003c70                KX134_1211_init
                0x08003df4                KX134_1211_readAccel
                0x08003e14                KX134_1211_update
                0x08003e44                KX134_1211_processRawBytes
                0x08003f1e                KX134_1211_readRawBytes
                0x08003faa                KX134_1211_writeRegister
                0x08004058                KX134_1211_readRegister
                0x080040d6                KX134_1211_readRegisters
 .text          0x080041a4      0x3a8 ./build/a3g4250d.o
                0x080041a4                A3G4250D_init
                0x08004278                A3G4250D_readGyro
                0x080042a6                A3G4250D_update
                0x080042d6                A3G4250D_processRawBytes
                0x080043b0                A3G4250D_readRawBytes
                0x0800445e                A3G4250D_writeRegister
                0x080044cc                A3G4250D_readRegister
 .text          0x0800454c      0x4d8 ./build/bmp581.o
                0x0800454c                BMP581_init
                0x080046ec                BMP581_update
                0x0800473c                BMP581_readTemp
                0x0800476a                BMP581_processRawTemp
                0x080047b0                BMP581_readRawTemp
                0x080047f2                BMP581_readPress
                0x08004820                BMP581_processRawPress
                0x08004866                BMP581_readRawPress
                0x0800489c                BMP581_writeRegister
                0x0800490a                BMP581_readRegister
                0x08004988                BMP581_readRegisters
 .text          0x08004a24      0x24c ./build/uart.o
                0x08004a24                UART_init
                0x08004aa8                _UART_setup
                0x08004b88                UART_send
                0x08004bca                UART_sendBytes
                0x08004c04                UART_print
                0x08004c40                UART_receive
 .text          0x08004c70      0x228 ./build/gps.o
                0x08004c70                GPS_byte
                0x08004c9c                GPS_message
                0x08004d42                DecodeGPS
 .text          0x08004e98      0x294 ./build/shell.o
                0x08004e98                vShellExec
                0x08004ec2                Shell_init
                0x08004f84                Shell_help
                0x0800501c                Shell_run
                0x080050b4                Shell_runTask
                0x080050f8                Shell_clear
 .text          0x0800512c        0x0 ./build/croutine.o
 .text          0x0800512c      0x168 ./build/list.o
                0x0800512c                vListInitialise
                0x0800516c                vListInitialiseItem
                0x08005186                vListInsertEnd
                0x080051ce                vListInsert
                0x08005240                uxListRemove
 .text          0x08005294     0x12d4 ./build/queue.o
                0x08005294                xQueueGenericReset
                0x08005364                xQueueGenericCreate
                0x08005442                xQueueCreateMutex
                0x08005472                xQueueGenericSend
                0x08005670                xQueueGenericSendFromISR
                0x080057a6                xQueueGiveFromISR
                0x080058c0                xQueueReceive
                0x08005a80                xQueueSemaphoreTake
                0x08005c98                xQueuePeek
                0x08005e5c                xQueueReceiveFromISR
                0x08005f5c                xQueuePeekFromISR
                0x0800602e                uxQueueMessagesWaiting
                0x0800606a                uxQueueSpacesAvailable
                0x080060b0                uxQueueMessagesWaitingFromISR
                0x080060ec                vQueueDelete
                0x08006348                xQueueIsQueueEmptyFromISR
                0x080063c0                xQueueIsQueueFullFromISR
                0x0800640c                vQueueAddToRegistry
                0x08006460                pcQueueGetName
                0x080064ac                vQueueUnregisterQueue
                0x08006500                vQueueWaitForMessageRestricted
 .text          0x08006568      0xc6a ./build/stream_buffer.o
                0x08006568                xStreamBufferGenericCreate
                0x0800661e                vStreamBufferDelete
                0x0800666c                xStreamBufferReset
                0x080066d8                xStreamBufferSetTriggerLevel
                0x08006734                xStreamBufferSpacesAvailable
                0x0800679a                xStreamBufferBytesAvailable
                0x080067d4                xStreamBufferSend
                0x0800693e                xStreamBufferSendFromISR
                0x08006a9a                xStreamBufferReceive
                0x08006bc4                xStreamBufferNextMessageLengthBytes
                0x08006c56                xStreamBufferReceiveFromISR
                0x08006d98                xStreamBufferIsEmpty
                0x08006de8                xStreamBufferIsFull
                0x08006e48                xStreamBufferSendCompletedFromISR
                0x08006ece                xStreamBufferReceiveCompletedFromISR
 *fill*         0x080071d2        0x2 
 .text          0x080071d4     0x22b4 ./build/tasks.o
                0x080071d4                xTaskCreate
                0x08007440                vTaskDelete
                0x08007560                vTaskDelayUntil
                0x0800765c                vTaskDelay
                0x080076c4                eTaskGetState
                0x08007790                uxTaskPriorityGet
                0x080077c4                uxTaskPriorityGetFromISR
                0x0800781c                vTaskPrioritySet
                0x08007970                vTaskSuspend
                0x08007af8                vTaskResume
                0x08007bb4                xTaskResumeFromISR
                0x08007c98                vTaskStartScheduler
                0x08007d34                vTaskEndScheduler
                0x08007d64                vTaskSuspendAll
                0x08007d80                xTaskResumeAll
                0x08007eb8                xTaskGetTickCount
                0x08007ed8                xTaskGetTickCountFromISR
                0x08007efc                uxTaskGetNumberOfTasks
                0x08007f14                pcTaskGetName
                0x08008038                xTaskGetHandle
                0x08008104                xTaskCatchUpTicks
                0x08008158                xTaskAbortDelay
                0x08008228                xTaskIncrementTick
                0x08008398                vTaskSwitchContext
                0x08008450                vTaskPlaceOnEventList
                0x08008498                vTaskPlaceOnUnorderedEventList
                0x08008510                vTaskPlaceOnEventListRestricted
                0x08008568                xTaskRemoveFromEventList
                0x0800862c                vTaskRemoveFromUnorderedEventList
                0x080086f0                vTaskSetTimeOutState
                0x0800873c                vTaskInternalSetTimeOutState
                0x08008768                xTaskCheckForTimeOut
                0x0800884c                vTaskMissedYield
                0x080089d0                xTaskGetCurrentTaskHandle
                0x080089f0                xTaskGetSchedulerState
                0x08008a2c                xTaskPriorityInherit
                0x08008b18                xTaskPriorityDisinherit
                0x08008c24                vTaskPriorityDisinheritAfterTimeout
                0x08008d40                uxTaskResetEventItemValue
                0x08008d70                pvTaskIncrementMutexHeldCount
                0x08008d98                ulTaskNotifyTake
                0x08008e28                xTaskNotifyWait
                0x08008edc                xTaskGenericNotify
                0x08009048                xTaskGenericNotifyFromISR
                0x080091fc                vTaskNotifyGiveFromISR
                0x08009320                xTaskNotifyStateClear
                0x0800936c                ulTaskNotifyValueClear
 .text          0x08009488      0xa24 ./build/timers.o
                0x08009488                xTimerCreateTimerTask
                0x080094ec                xTimerCreate
                0x080095a4                xTimerGenericCommand
                0x08009640                xTimerGetTimerDaemonTaskHandle
                0x08009678                xTimerGetPeriod
                0x080096b0                vTimerSetReloadMode
                0x08009716                uxTimerGetReloadMode
                0x08009768                xTimerGetExpiryTime
                0x080097a4                pcTimerGetName
                0x08009d38                xTimerIsTimerActive
                0x08009d8a                pvTimerGetTimerID
                0x08009dca                vTimerSetTimerID
                0x08009e0a                xTimerPendFunctionCallFromISR
                0x08009e4c                xTimerPendFunctionCall
 .text          0x08009eac      0x4d0 ./build/heap_4.o
                0x08009eac                pvPortMalloc
                0x0800a044                vPortFree
                0x0800a108                xPortGetFreeHeapSize
                0x0800a120                xPortGetMinimumEverFreeHeapSize
                0x0800a138                vPortInitialiseBlocks
                0x0800a2c0                vPortGetHeapStats
 *fill*         0x0800a37c        0x4 
 .text          0x0800a380      0x508 ./build/port.o
                0x0800a380                pxPortInitialiseStack
                0x0800a440                SVC_Handler
                0x0800a48e                xPortStartScheduler
                0x0800a60c                vPortEndScheduler
                0x0800a644                vPortEnterCritical
                0x0800a6a4                vPortExitCritical
                0x0800a6f8                PendSV_Handler
                0x0800a766                SysTick_Handler
                0x0800a7ac                vPortSetupTimerInterrupt
                0x0800a80a                vPortValidateInterruptPriority
 .text          0x0800a888      0x5d0 ./build/event_groups.o
                0x0800a888                xEventGroupCreate
                0x0800a8b6                xEventGroupSync
                0x0800aa14                xEventGroupWaitBits
                0x0800abb0                xEventGroupClearBits
                0x0800ac20                xEventGroupGetBitsFromISR
                0x0800ac68                xEventGroupSetBits
                0x0800ad7e                vEventGroupDelete
                0x0800ade0                vEventGroupSetBitsCallback
                0x0800adfa                vEventGroupClearBitsCallback
 .text          0x0800ae58     0x1258 ./build/segger_rtt.o
                0x0800b0ce                SEGGER_RTT_ReadUpBufferNoLock
                0x0800b1dc                SEGGER_RTT_ReadNoLock
                0x0800b2e8                SEGGER_RTT_ReadUpBuffer
                0x0800b31e                SEGGER_RTT_Read
                0x0800b354                SEGGER_RTT_WriteWithOverwriteNoLock
                0x0800b478                SEGGER_RTT_WriteDownBufferNoLock
                0x0800b518                SEGGER_RTT_WriteNoLock
                0x0800b5b8                SEGGER_RTT_WriteDownBuffer
                0x0800b604                SEGGER_RTT_Write
                0x0800b650                SEGGER_RTT_WriteString
                0x0800b676                SEGGER_RTT_PutCharSkipNoLock
                0x0800b6ec                SEGGER_RTT_PutCharSkip
                0x0800b784                SEGGER_RTT_PutChar
                0x0800b830                SEGGER_RTT_GetKey
                0x0800b862                SEGGER_RTT_WaitKey
                0x0800b87e                SEGGER_RTT_HasKey
                0x0800b8c8                SEGGER_RTT_HasData
                0x0800b900                SEGGER_RTT_HasDataUp
                0x0800b938                SEGGER_RTT_AllocDownBuffer
                0x0800ba3c                SEGGER_RTT_AllocUpBuffer
                0x0800bb44                SEGGER_RTT_ConfigUpBuffer
                0x0800bbd8                SEGGER_RTT_ConfigDownBuffer
                0x0800bc70                SEGGER_RTT_SetNameUpBuffer
                0x0800bcdc                SEGGER_RTT_SetNameDownBuffer
                0x0800bd48                SEGGER_RTT_SetFlagsUpBuffer
                0x0800bdb4                SEGGER_RTT_SetFlagsDownBuffer
                0x0800be20                SEGGER_RTT_Init
                0x0800be2c                SEGGER_RTT_SetTerminal
                0x0800bee4                SEGGER_RTT_TerminalOut
                0x0800c00c                SEGGER_RTT_GetAvailWriteSpace
                0x0800c03c                SEGGER_RTT_GetBytesInBuffer
 .text          0x0800c0b0        0x0 ./build/trcassert.o
 .text          0x0800c0b0        0x0 ./build/trccounter.o
 .text          0x0800c0b0        0x0 ./build/trcdependency.o
 .text          0x0800c0b0        0x0 ./build/trcdiagnostics.o
 .text          0x0800c0b0        0x0 ./build/trcentrytable.o
 .text          0x0800c0b0        0x0 ./build/trcerror.o
 .text          0x0800c0b0        0x0 ./build/trcevent.o
 .text          0x0800c0b0        0x0 ./build/trceventbuffer.o
 .text          0x0800c0b0        0x0 ./build/trcextension.o
 .text          0x0800c0b0        0x0 ./build/trchardwareport.o
 .text          0x0800c0b0        0x0 ./build/trcheap.o
 .text          0x0800c0b0        0x0 ./build/trcinternaleventbuffer.o
 .text          0x0800c0b0        0x0 ./build/trcinterval.o
 .text          0x0800c0b0        0x0 ./build/trcisr.o
 .text          0x0800c0b0        0x0 ./build/trckernelport.o
 .text          0x0800c0b0        0x0 ./build/trcmulticoreeventbuffer.o
 .text          0x0800c0b0        0x0 ./build/trcobject.o
 .text          0x0800c0b0        0x0 ./build/trcprint.o
 .text          0x0800c0b0        0x0 ./build/trcrunnable.o
 .text          0x0800c0b0        0x0 ./build/trcsnapshotrecorder.o
 .text          0x0800c0b0        0x0 ./build/trcstackmonitor.o
 .text          0x0800c0b0        0x0 ./build/trcstatemachine.o
 .text          0x0800c0b0        0x0 ./build/trcstaticbuffer.o
 .text          0x0800c0b0        0x0 ./build/trcstreamingrecorder.o
 .text          0x0800c0b0        0x0 ./build/trcstreamport.o
 .text          0x0800c0b0        0x0 ./build/trcstring.o
 .text          0x0800c0b0        0x0 ./build/trctask.o
 .text          0x0800c0b0        0x0 ./build/trctimestamp.o
 .text          0x0800c0b0     0x4530 ../Lib/bin/libavionics.a(MatrixFunctions.o)
                0x0800c0b0                arm_mat_add_f32
                0x0800c0dc                arm_mat_add_q15
                0x0800c10c                arm_mat_add_q31
                0x0800c138                arm_mat_cmplx_mult_f32
                0x0800c270                arm_mat_cmplx_mult_q15
                0x0800c3e8                arm_mat_cmplx_mult_q31
                0x0800c5dc                arm_mat_init_f64
                0x0800c5e4                arm_mat_init_f32
                0x0800c5ec                arm_mat_init_q15
                0x0800c5f4                arm_mat_init_q31
                0x0800c5fc                arm_mat_inverse_f32
                0x0800c8d0                arm_mat_inverse_f64
                0x0800cc74                arm_mat_mult_f64
                0x0800ce10                arm_mat_mult_f32
                0x0800cee0                arm_mat_mult_fast_q15
                0x0800d3a0                arm_mat_mult_fast_q31
                0x0800d658                arm_mat_mult_q7
                0x0800d778                arm_mat_mult_q15
                0x0800d8d4                arm_mat_mult_q31
                0x0800d9d8                arm_mat_mult_opt_q31
                0x0800dadc                arm_mat_scale_f32
                0x0800db00                arm_mat_scale_q15
                0x0800db30                arm_mat_scale_q31
                0x0800db78                arm_mat_sub_f64
                0x0800dbb4                arm_mat_sub_f32
                0x0800dbe0                arm_mat_sub_q15
                0x0800dc10                arm_mat_sub_q31
                0x0800dc3c                arm_mat_trans_f32
                0x0800dc9c                arm_mat_trans_f64
                0x0800dd14                arm_mat_trans_q7
                0x0800ddc0                arm_mat_trans_q15
                0x0800de20                arm_mat_trans_q31
                0x0800de80                arm_mat_vec_mult_f32
                0x0800e01c                arm_mat_vec_mult_q31
                0x0800e218                arm_mat_vec_mult_q15
                0x0800e4d0                arm_mat_vec_mult_q7
                0x0800e730                arm_mat_cmplx_trans_f32
                0x0800e7ac                arm_mat_cmplx_trans_q31
                0x0800e8bc                arm_mat_cmplx_trans_q15
                0x0800e9d0                arm_mat_cholesky_f64
                0x0800eb50                arm_mat_cholesky_f32
                0x0800ec68                arm_mat_solve_upper_triangular_f32
                0x0800ed44                arm_mat_solve_lower_triangular_f32
                0x0800ee04                arm_mat_solve_upper_triangular_f64
                0x0800ef2c                arm_mat_solve_lower_triangular_f64
                0x0800f020                arm_mat_ldlt_f32
                0x0800f284                arm_mat_ldlt_f64
                0x0800f59c                arm_householder_f64
                0x0800f69c                arm_mat_qr_f64
                0x0800feec                arm_householder_f32
                0x0800ffa8                arm_mat_qr_f32
 .text          0x080105e0      0xdb0 ../Lib/bin/libavionics.a(BasicMathFunctions.o)
                0x080105e0                arm_abs_f32
                0x080105f4                arm_abs_f64
                0x08010614                arm_abs_q15
                0x0801063c                arm_abs_q31
                0x08010664                arm_abs_q7
                0x0801068c                arm_add_f32
                0x080106a4                arm_add_f64
                0x080106c8                arm_add_q15
                0x080106e8                arm_add_q31
                0x08010708                arm_add_q7
                0x0801072c                arm_and_u16
                0x080107a8                arm_and_u32
                0x08010838                arm_and_u8
                0x080108e8                arm_dot_prod_f32
                0x08010908                arm_dot_prod_f64
                0x08010950                arm_dot_prod_q15
                0x08010970                arm_dot_prod_q31
                0x080109ac                arm_dot_prod_q7
                0x080109cc                arm_mult_f32
                0x080109e4                arm_mult_f64
                0x08010a08                arm_mult_q15
                0x08010a30                arm_mult_q31
                0x08010a54                arm_mult_q7
                0x08010a7c                arm_negate_f32
                0x08010a90                arm_negate_f64
                0x08010ab0                arm_negate_q15
                0x08010ae0                arm_negate_q31
                0x08010af8                arm_negate_q7
                0x08010b14                arm_not_u16
                0x08010b6c                arm_not_u32
                0x08010bd0                arm_not_u8
                0x08010c68                arm_offset_f32
                0x08010c7c                arm_offset_f64
                0x08010ca8                arm_offset_q15
                0x08010cbc                arm_offset_q31
                0x08010cd8                arm_offset_q7
                0x08010cf0                arm_or_u16
                0x08010d6c                arm_or_u32
                0x08010dfc                arm_or_u8
                0x08010eac                arm_scale_f32
                0x08010ec0                arm_scale_f64
                0x08010eec                arm_scale_q15
                0x08010f18                arm_scale_q31
                0x08010f78                arm_scale_q7
                0x08010fa4                arm_shift_q15
                0x08010fd8                arm_shift_q31
                0x08011044                arm_shift_q7
                0x0801107c                arm_sub_f32
                0x08011094                arm_sub_f64
                0x080110b8                arm_sub_q15
                0x080110d8                arm_sub_q31
                0x080110f8                arm_sub_q7
                0x0801111c                arm_xor_u16
                0x08011198                arm_xor_u32
                0x08011228                arm_xor_u8
                0x080112d8                arm_clip_f32
                0x0801130c                arm_clip_q31
                0x08011338                arm_clip_q15
                0x08011364                arm_clip_q7
 .text          0x08011390       0x94 ../Lib/bin/libavionics.a(slidingwindow.o)
                0x08011390                SlidingWindow_append
                0x080113c0                SlidingWindow_calculateMovingAverage
                0x08011400                SlidingWindow_init
 .text          0x08011424      0x1fc ../Lib/bin/libavionics.a(kalmanfilter.o)
                0x08011424                KalmanFilter_update
                0x080115a0                KalmanFilter_init
 .text          0x08011620      0x294 ../Lib/bin/libavionics.a(quaternion.o)
                0x08011620                Quaternion_fromEuler
                0x08011710                Quaternion_normalise
                0x08011768                Quaternion_fRotateVector3D
                0x080117f4                Quaternion_init
                0x08011824                Quaternion_mul
 .text          0x080118b4      0x1a8 ../Lib/bin/libavionics.a(membuff.o)
                0x080118b4                _MemBuff_slide
                0x080118e8                MemBuff_appendBytes
                0x08011904                MemBuff_append
                0x0801194c                MemBuff_erase
                0x08011984                MemBuff_flush
                0x080119f8                MemBuff_readPage
                0x08011a08                MemBuff_init
 .text          0x08011a5c        0x0 c:/program files (x86)/gnu arm embedded toolchain/10 2021.10/bin/../lib/gcc/arm-none-eabi/10.3.1/../../../../arm-none-eabi/lib/thumb/v7e-m+fp/hard\libm.a(lib_a-sf_cos.o)
 .text          0x08011a5c        0x0 c:/program files (x86)/gnu arm embedded toolchain/10 2021.10/bin/../lib/gcc/arm-none-eabi/10.3.1/../../../../arm-none-eabi/lib/thumb/v7e-m+fp/hard\libm.a(lib_a-sf_sin.o)
 .text          0x08011a5c        0x0 c:/program files (x86)/gnu arm embedded toolchain/10 2021.10/bin/../lib/gcc/arm-none-eabi/10.3.1/../../../../arm-none-eabi/lib/thumb/v7e-m+fp/hard\libm.a(lib_a-w_acos.o)
 .text          0x08011a5c        0x0 c:/program files (x86)/gnu arm embedded toolchain/10 2021.10/bin/../lib/gcc/arm-none-eabi/10.3.1/../../../../arm-none-eabi/lib/thumb/v7e-m+fp/hard\libm.a(lib_a-w_pow.o)
 .text          0x08011a5c        0x0 c:/program files (x86)/gnu arm embedded toolchain/10 2021.10/bin/../lib/gcc/arm-none-eabi/10.3.1/../../../../arm-none-eabi/lib/thumb/v7e-m+fp/hard\libm.a(lib_a-w_sqrt.o)
 .text          0x08011a5c        0x0 c:/program files (x86)/gnu arm embedded toolchain/10 2021.10/bin/../lib/gcc/arm-none-eabi/10.3.1/../../../../arm-none-eabi/lib/thumb/v7e-m+fp/hard\libm.a(lib_a-e_acos.o)
 .text          0x08011a5c        0x0 c:/program files (x86)/gnu arm embedded toolchain/10 2021.10/bin/../lib/gcc/arm-none-eabi/10.3.1/../../../../arm-none-eabi/lib/thumb/v7e-m+fp/hard\libm.a(lib_a-e_pow.o)
 .text          0x08011a5c        0x0 c:/program files (x86)/gnu arm embedded toolchain/10 2021.10/bin/../lib/gcc/arm-none-eabi/10.3.1/../../../../arm-none-eabi/lib/thumb/v7e-m+fp/hard\libm.a(lib_a-e_sqrt.o)
 .text          0x08011a5c        0x0 c:/program files (x86)/gnu arm embedded toolchain/10 2021.10/bin/../lib/gcc/arm-none-eabi/10.3.1/../../../../arm-none-eabi/lib/thumb/v7e-m+fp/hard\libm.a(lib_a-ef_rem_pio2.o)
 .text          0x08011a5c        0x0 c:/program files (x86)/gnu arm embedded toolchain/10 2021.10/bin/../lib/gcc/arm-none-eabi/10.3.1/../../../../arm-none-eabi/lib/thumb/v7e-m+fp/hard\libm.a(lib_a-kf_cos.o)
 .text          0x08011a5c        0x0 c:/program files (x86)/gnu arm embedded toolchain/10 2021.10/bin/../lib/gcc/arm-none-eabi/10.3.1/../../../../arm-none-eabi/lib/thumb/v7e-m+fp/hard\libm.a(lib_a-kf_rem_pio2.o)
 .text          0x08011a5c        0x0 c:/program files (x86)/gnu arm embedded toolchain/10 2021.10/bin/../lib/gcc/arm-none-eabi/10.3.1/../../../../arm-none-eabi/lib/thumb/v7e-m+fp/hard\libm.a(lib_a-kf_sin.o)
 .text          0x08011a5c        0x0 c:/program files (x86)/gnu arm embedded toolchain/10 2021.10/bin/../lib/gcc/arm-none-eabi/10.3.1/../../../../arm-none-eabi/lib/thumb/v7e-m+fp/hard\libm.a(lib_a-math_err.o)
 .text          0x08011a5c        0x0 c:/program files (x86)/gnu arm embedded toolchain/10 2021.10/bin/../lib/gcc/arm-none-eabi/10.3.1/../../../../arm-none-eabi/lib/thumb/v7e-m+fp/hard\libm.a(lib_a-s_fabs.o)
 .text          0x08011a5c        0x0 c:/program files (x86)/gnu arm embedded toolchain/10 2021.10/bin/../lib/gcc/arm-none-eabi/10.3.1/../../../../arm-none-eabi/lib/thumb/v7e-m+fp/hard\libm.a(lib_a-s_finite.o)
 .text          0x08011a5c        0x0 c:/program files (x86)/gnu arm embedded toolchain/10 2021.10/bin/../lib/gcc/arm-none-eabi/10.3.1/../../../../arm-none-eabi/lib/thumb/v7e-m+fp/hard\libm.a(lib_a-s_nan.o)
 .text          0x08011a5c        0x0 c:/program files (x86)/gnu arm embedded toolchain/10 2021.10/bin/../lib/gcc/arm-none-eabi/10.3.1/../../../../arm-none-eabi/lib/thumb/v7e-m+fp/hard\libm.a(lib_a-s_scalbn.o)
 .text          0x08011a5c        0x0 c:/program files (x86)/gnu arm embedded toolchain/10 2021.10/bin/../lib/gcc/arm-none-eabi/10.3.1/../../../../arm-none-eabi/lib/thumb/v7e-m+fp/hard\libm.a(lib_a-sf_fabs.o)
 .text          0x08011a5c        0x0 c:/program files (x86)/gnu arm embedded toolchain/10 2021.10/bin/../lib/gcc/arm-none-eabi/10.3.1/../../../../arm-none-eabi/lib/thumb/v7e-m+fp/hard\libm.a(lib_a-sf_floor.o)
 .text          0x08011a5c        0x0 c:/program files (x86)/gnu arm embedded toolchain/10 2021.10/bin/../lib/gcc/arm-none-eabi/10.3.1/../../../../arm-none-eabi/lib/thumb/v7e-m+fp/hard\libm.a(lib_a-sf_scalbn.o)
 .text          0x08011a5c      0x254 c:/program files (x86)/gnu arm embedded toolchain/10 2021.10/bin/../lib/gcc/arm-none-eabi/10.3.1/thumb/v7e-m+fp/hard\libgcc.a(_arm_muldf3.o)
 .text          0x08011cb0      0x378 c:/program files (x86)/gnu arm embedded toolchain/10 2021.10/bin/../lib/gcc/arm-none-eabi/10.3.1/thumb/v7e-m+fp/hard\libgcc.a(_arm_addsubdf3.o)
                0x08011cb0                __aeabi_drsub
                0x08011cb8                __aeabi_dsub
                0x08011cb8                __subdf3
                0x08011cbc                __aeabi_dadd
                0x08011cbc                __adddf3
                0x08011f34                __floatunsidf
                0x08011f34                __aeabi_ui2d
                0x08011f54                __floatsidf
                0x08011f54                __aeabi_i2d
                0x08011f78                __aeabi_f2d
                0x08011f78                __extendsfdf2
                0x08011fbc                __floatundidf
                0x08011fbc                __aeabi_ul2d
                0x08011fcc                __floatdidf
                0x08011fcc                __aeabi_l2d
 .text          0x08012028      0x424 c:/program files (x86)/gnu arm embedded toolchain/10 2021.10/bin/../lib/gcc/arm-none-eabi/10.3.1/thumb/v7e-m+fp/hard\libgcc.a(_arm_muldivdf3.o)
                0x08012028                __aeabi_dmul
                0x08012028                __muldf3
                0x0801227c                __divdf3
                0x0801227c                __aeabi_ddiv
 .text          0x0801244c      0x110 c:/program files (x86)/gnu arm embedded toolchain/10 2021.10/bin/../lib/gcc/arm-none-eabi/10.3.1/thumb/v7e-m+fp/hard\libgcc.a(_arm_cmpdf2.o)
                0x0801244c                __gtdf2
                0x0801244c                __gedf2
                0x08012454                __ltdf2
                0x08012454                __ledf2
                0x0801245c                __nedf2
                0x0801245c                __eqdf2
                0x0801245c                __cmpdf2
                0x080124d8                __aeabi_cdrcmple
                0x080124e8                __aeabi_cdcmpeq
                0x080124e8                __aeabi_cdcmple
                0x080124f8                __aeabi_dcmpeq
                0x0801250c                __aeabi_dcmplt
                0x08012520                __aeabi_dcmple
                0x08012534                __aeabi_dcmpge
                0x08012548                __aeabi_dcmpgt
 .text          0x0801255c       0x2c c:/program files (x86)/gnu arm embedded toolchain/10 2021.10/bin/../lib/gcc/arm-none-eabi/10.3.1/thumb/v7e-m+fp/hard\libgcc.a(_arm_unorddf2.o)
                0x0801255c                __unorddf2
                0x0801255c                __aeabi_dcmpun
 .text          0x08012588       0xa0 c:/program files (x86)/gnu arm embedded toolchain/10 2021.10/bin/../lib/gcc/arm-none-eabi/10.3.1/thumb/v7e-m+fp/hard\libgcc.a(_arm_truncdfsf2.o)
                0x08012588                __truncdfsf2
                0x08012588                __aeabi_d2f
 .text          0x08012628        0x0 c:/program files (x86)/gnu arm embedded toolchain/10 2021.10/bin/../lib/gcc/arm-none-eabi/10.3.1/../../../../arm-none-eabi/lib/thumb/v7e-m+fp/hard\libc.a(lib_a-errno.o)
 .text          0x08012628        0x0 c:/program files (x86)/gnu arm embedded toolchain/10 2021.10/bin/../lib/gcc/arm-none-eabi/10.3.1/../../../../arm-none-eabi/lib/thumb/v7e-m+fp/hard\libc.a(lib_a-impure.o)
 .text          0x08012628        0x0 c:/program files (x86)/gnu arm embedded toolchain/10 2021.10/bin/../lib/gcc/arm-none-eabi/10.3.1/../../../../arm-none-eabi/lib/thumb/v7e-m+fp/hard\libc.a(lib_a-init.o)
 .text          0x08012628      0x134 c:/program files (x86)/gnu arm embedded toolchain/10 2021.10/bin/../lib/gcc/arm-none-eabi/10.3.1/../../../../arm-none-eabi/lib/thumb/v7e-m+fp/hard\libc.a(lib_a-memcpy.o)
                0x08012628                memcpy
 .text          0x0801275c        0x0 c:/program files (x86)/gnu arm embedded toolchain/10 2021.10/bin/../lib/gcc/arm-none-eabi/10.3.1/../../../../arm-none-eabi/lib/thumb/v7e-m+fp/hard\libc.a(lib_a-memset.o)
 .text          0x0801275c        0x0 c:/program files (x86)/gnu arm embedded toolchain/10 2021.10/bin/../lib/gcc/arm-none-eabi/10.3.1/../../../../arm-none-eabi/lib/thumb/v7e-m+fp/hard\libc.a(lib_a-snprintf.o)
 *fill*         0x0801275c        0x4 
 .text          0x08012760      0x2dc c:/program files (x86)/gnu arm embedded toolchain/10 2021.10/bin/../lib/gcc/arm-none-eabi/10.3.1/../../../../arm-none-eabi/lib/thumb/v7e-m+fp/hard\libc.a(lib_a-strcmp.o)
                0x08012768                strcmp
 .text          0x08012a3c        0x0 c:/program files (x86)/gnu arm embedded toolchain/10 2021.10/bin/../lib/gcc/arm-none-eabi/10.3.1/../../../../arm-none-eabi/lib/thumb/v7e-m+fp/hard\libc.a(lib_a-strcpy.o)
 *fill*         0x08012a3c        0x4 
 .text          0x08012a40       0xdc c:/program files (x86)/gnu arm embedded toolchain/10 2021.10/bin/../lib/gcc/arm-none-eabi/10.3.1/../../../../arm-none-eabi/lib/thumb/v7e-m+fp/hard\libc.a(lib_a-strlen.o)
                0x08012a40                strlen
 .text          0x08012b1c        0x0 c:/program files (x86)/gnu arm embedded toolchain/10 2021.10/bin/../lib/gcc/arm-none-eabi/10.3.1/../../../../arm-none-eabi/lib/thumb/v7e-m+fp/hard\libc.a(lib_a-strtok.o)
 .text          0x08012b1c        0x0 c:/program files (x86)/gnu arm embedded toolchain/10 2021.10/bin/../lib/gcc/arm-none-eabi/10.3.1/../../../../arm-none-eabi/lib/thumb/v7e-m+fp/hard\libc.a(lib_a-strtok_r.o)
 .text          0x08012b1c        0x0 c:/program files (x86)/gnu arm embedded toolchain/10 2021.10/bin/../lib/gcc/arm-none-eabi/10.3.1/../../../../arm-none-eabi/lib/thumb/v7e-m+fp/hard\libc.a(lib_a-svfprintf.o)
 .text          0x08012b1c        0x0 c:/program files (x86)/gnu arm embedded toolchain/10 2021.10/bin/../lib/gcc/arm-none-eabi/10.3.1/../../../../arm-none-eabi/lib/thumb/v7e-m+fp/hard\libc.a(lib_a-dtoa.o)
 .text          0x08012b1c        0x0 c:/program files (x86)/gnu arm embedded toolchain/10 2021.10/bin/../lib/gcc/arm-none-eabi/10.3.1/../../../../arm-none-eabi/lib/thumb/v7e-m+fp/hard\libc.a(lib_a-freer.o)
 .text          0x08012b1c        0x0 c:/program files (x86)/gnu arm embedded toolchain/10 2021.10/bin/../lib/gcc/arm-none-eabi/10.3.1/../../../../arm-none-eabi/lib/thumb/v7e-m+fp/hard\libc.a(lib_a-localeconv.o)
 .text          0x08012b1c        0x0 c:/program files (x86)/gnu arm embedded toolchain/10 2021.10/bin/../lib/gcc/arm-none-eabi/10.3.1/../../../../arm-none-eabi/lib/thumb/v7e-m+fp/hard\libc.a(lib_a-mallocr.o)
 *fill*         0x08012b1c        0x4 
 .text          0x08012b20       0xa0 c:/program files (x86)/gnu arm embedded toolchain/10 2021.10/bin/../lib/gcc/arm-none-eabi/10.3.1/../../../../arm-none-eabi/lib/thumb/v7e-m+fp/hard\libc.a(lib_a-memchr.o)
                0x08012b20                memchr
 .text          0x08012bc0        0x0 c:/program files (x86)/gnu arm embedded toolchain/10 2021.10/bin/../lib/gcc/arm-none-eabi/10.3.1/../../../../arm-none-eabi/lib/thumb/v7e-m+fp/hard\libc.a(lib_a-mlock.o)
 .text          0x08012bc0        0x0 c:/program files (x86)/gnu arm embedded toolchain/10 2021.10/bin/../lib/gcc/arm-none-eabi/10.3.1/../../../../arm-none-eabi/lib/thumb/v7e-m+fp/hard\libc.a(lib_a-mprec.o)
 .text          0x08012bc0        0x0 c:/program files (x86)/gnu arm embedded toolchain/10 2021.10/bin/../lib/gcc/arm-none-eabi/10.3.1/../../../../arm-none-eabi/lib/thumb/v7e-m+fp/hard\libc.a(lib_a-s_frexp.o)
 .text          0x08012bc0        0x0 c:/program files (x86)/gnu arm embedded toolchain/10 2021.10/bin/../lib/gcc/arm-none-eabi/10.3.1/../../../../arm-none-eabi/lib/thumb/v7e-m+fp/hard\libc.a(lib_a-sbrkr.o)
 .text          0x08012bc0        0x0 c:/program files (x86)/gnu arm embedded toolchain/10 2021.10/bin/../lib/gcc/arm-none-eabi/10.3.1/../../../../arm-none-eabi/lib/thumb/v7e-m+fp/hard\libc.a(lib_a-strncpy.o)
 .text          0x08012bc0        0x0 c:/program files (x86)/gnu arm embedded toolchain/10 2021.10/bin/../lib/gcc/arm-none-eabi/10.3.1/../../../../arm-none-eabi/lib/thumb/v7e-m+fp/hard\libc.a(lib_a-svfiprintf.o)
 .text          0x08012bc0        0x0 c:/program files (x86)/gnu arm embedded toolchain/10 2021.10/bin/../lib/gcc/arm-none-eabi/10.3.1/../../../../arm-none-eabi/lib/thumb/v7e-m+fp/hard\libc.a(lib_a-assert.o)
 .text          0x08012bc0        0x0 c:/program files (x86)/gnu arm embedded toolchain/10 2021.10/bin/../lib/gcc/arm-none-eabi/10.3.1/../../../../arm-none-eabi/lib/thumb/v7e-m+fp/hard\libc.a(lib_a-callocr.o)
 .text          0x08012bc0        0x0 c:/program files (x86)/gnu arm embedded toolchain/10 2021.10/bin/../lib/gcc/arm-none-eabi/10.3.1/../../../../arm-none-eabi/lib/thumb/v7e-m+fp/hard\libc.a(lib_a-fiprintf.o)
 .text          0x08012bc0        0x0 c:/program files (x86)/gnu arm embedded toolchain/10 2021.10/bin/../lib/gcc/arm-none-eabi/10.3.1/../../../../arm-none-eabi/lib/thumb/v7e-m+fp/hard\libc.a(lib_a-locale.o)
 .text          0x08012bc0        0x0 c:/program files (x86)/gnu arm embedded toolchain/10 2021.10/bin/../lib/gcc/arm-none-eabi/10.3.1/../../../../arm-none-eabi/lib/thumb/v7e-m+fp/hard\libc.a(lib_a-lock.o)
 .text          0x08012bc0        0x0 c:/program files (x86)/gnu arm embedded toolchain/10 2021.10/bin/../lib/gcc/arm-none-eabi/10.3.1/../../../../arm-none-eabi/lib/thumb/v7e-m+fp/hard\libc.a(lib_a-mbtowc_r.o)
 .text          0x08012bc0        0x0 c:/program files (x86)/gnu arm embedded toolchain/10 2021.10/bin/../lib/gcc/arm-none-eabi/10.3.1/../../../../arm-none-eabi/lib/thumb/v7e-m+fp/hard\libc.a(lib_a-memmove.o)
 .text          0x08012bc0        0x0 c:/program files (x86)/gnu arm embedded toolchain/10 2021.10/bin/../lib/gcc/arm-none-eabi/10.3.1/../../../../arm-none-eabi/lib/thumb/v7e-m+fp/hard\libc.a(lib_a-reallocr.o)
 .text          0x08012bc0        0x0 c:/program files (x86)/gnu arm embedded toolchain/10 2021.10/bin/../lib/gcc/arm-none-eabi/10.3.1/../../../../arm-none-eabi/lib/thumb/v7e-m+fp/hard\libc.a(lib_a-reent.o)
 .text          0x08012bc0        0x0 c:/program files (x86)/gnu arm embedded toolchain/10 2021.10/bin/../lib/gcc/arm-none-eabi/10.3.1/../../../../arm-none-eabi/lib/thumb/v7e-m+fp/hard\libc.a(lib_a-vfiprintf.o)
 .text          0x08012bc0        0x0 c:/program files (x86)/gnu arm embedded toolchain/10 2021.10/bin/../lib/gcc/arm-none-eabi/10.3.1/../../../../arm-none-eabi/lib/thumb/v7e-m+fp/hard\libc.a(lib_a-wctomb_r.o)
 .text          0x08012bc0        0x0 c:/program files (x86)/gnu arm embedded toolchain/10 2021.10/bin/../lib/gcc/arm-none-eabi/10.3.1/../../../../arm-none-eabi/lib/thumb/v7e-m+fp/hard\libc.a(lib_a-wsetup.o)
 .text          0x08012bc0        0x0 c:/program files (x86)/gnu arm embedded toolchain/10 2021.10/bin/../lib/gcc/arm-none-eabi/10.3.1/../../../../arm-none-eabi/lib/thumb/v7e-m+fp/hard\libc.a(lib_a-abort.o)
 .text          0x08012bc0        0x0 c:/program files (x86)/gnu arm embedded toolchain/10 2021.10/bin/../lib/gcc/arm-none-eabi/10.3.1/../../../../arm-none-eabi/lib/thumb/v7e-m+fp/hard\libc.a(lib_a-ctype_.o)
 .text          0x08012bc0        0x0 c:/program files (x86)/gnu arm embedded toolchain/10 2021.10/bin/../lib/gcc/arm-none-eabi/10.3.1/../../../../arm-none-eabi/lib/thumb/v7e-m+fp/hard\libc.a(lib_a-fflush.o)
 .text          0x08012bc0        0x0 c:/program files (x86)/gnu arm embedded toolchain/10 2021.10/bin/../lib/gcc/arm-none-eabi/10.3.1/../../../../arm-none-eabi/lib/thumb/v7e-m+fp/hard\libc.a(lib_a-findfp.o)
 .text          0x08012bc0        0x0 c:/program files (x86)/gnu arm embedded toolchain/10 2021.10/bin/../lib/gcc/arm-none-eabi/10.3.1/../../../../arm-none-eabi/lib/thumb/v7e-m+fp/hard\libc.a(lib_a-fputwc.o)
 .text          0x08012bc0        0x0 c:/program files (x86)/gnu arm embedded toolchain/10 2021.10/bin/../lib/gcc/arm-none-eabi/10.3.1/../../../../arm-none-eabi/lib/thumb/v7e-m+fp/hard\libc.a(lib_a-fvwrite.o)
 .text          0x08012bc0        0x0 c:/program files (x86)/gnu arm embedded toolchain/10 2021.10/bin/../lib/gcc/arm-none-eabi/10.3.1/../../../../arm-none-eabi/lib/thumb/v7e-m+fp/hard\libc.a(lib_a-fwalk.o)
 .text          0x08012bc0        0x0 c:/program files (x86)/gnu arm embedded toolchain/10 2021.10/bin/../lib/gcc/arm-none-eabi/10.3.1/../../../../arm-none-eabi/lib/thumb/v7e-m+fp/hard\libc.a(lib_a-makebuf.o)
 .text          0x08012bc0        0x0 c:/program files (x86)/gnu arm embedded toolchain/10 2021.10/bin/../lib/gcc/arm-none-eabi/10.3.1/../../../../arm-none-eabi/lib/thumb/v7e-m+fp/hard\libc.a(lib_a-signal.o)
 .text          0x08012bc0        0x0 c:/program files (x86)/gnu arm embedded toolchain/10 2021.10/bin/../lib/gcc/arm-none-eabi/10.3.1/../../../../arm-none-eabi/lib/thumb/v7e-m+fp/hard\libc.a(lib_a-signalr.o)
 .text          0x08012bc0        0x0 c:/program files (x86)/gnu arm embedded toolchain/10 2021.10/bin/../lib/gcc/arm-none-eabi/10.3.1/../../../../arm-none-eabi/lib/thumb/v7e-m+fp/hard\libc.a(lib_a-stdio.o)
 .text          0x08012bc0        0x0 c:/program files (x86)/gnu arm embedded toolchain/10 2021.10/bin/../lib/gcc/arm-none-eabi/10.3.1/../../../../arm-none-eabi/lib/thumb/v7e-m+fp/hard\libc.a(lib_a-wbuf.o)
 .text          0x08012bc0        0x0 c:/program files (x86)/gnu arm embedded toolchain/10 2021.10/bin/../lib/gcc/arm-none-eabi/10.3.1/../../../../arm-none-eabi/lib/thumb/v7e-m+fp/hard\libc.a(lib_a-wcrtomb.o)
 .text          0x08012bc0        0x0 c:/program files (x86)/gnu arm embedded toolchain/10 2021.10/bin/../lib/gcc/arm-none-eabi/10.3.1/../../../../arm-none-eabi/lib/thumb/v7e-m+fp/hard\libc.a(lib_a-writer.o)
 .text          0x08012bc0        0x0 c:/program files (x86)/gnu arm embedded toolchain/10 2021.10/bin/../lib/gcc/arm-none-eabi/10.3.1/../../../../arm-none-eabi/lib/thumb/v7e-m+fp/hard\libc.a(lib_a-closer.o)
 .text          0x08012bc0        0x0 c:/program files (x86)/gnu arm embedded toolchain/10 2021.10/bin/../lib/gcc/arm-none-eabi/10.3.1/../../../../arm-none-eabi/lib/thumb/v7e-m+fp/hard\libc.a(lib_a-fclose.o)
 .text          0x08012bc0        0x0 c:/program files (x86)/gnu arm embedded toolchain/10 2021.10/bin/../lib/gcc/arm-none-eabi/10.3.1/../../../../arm-none-eabi/lib/thumb/v7e-m+fp/hard\libc.a(lib_a-fstatr.o)
 .text          0x08012bc0        0x0 c:/program files (x86)/gnu arm embedded toolchain/10 2021.10/bin/../lib/gcc/arm-none-eabi/10.3.1/../../../../arm-none-eabi/lib/thumb/v7e-m+fp/hard\libc.a(lib_a-isattyr.o)
 .text          0x08012bc0        0x0 c:/program files (x86)/gnu arm embedded toolchain/10 2021.10/bin/../lib/gcc/arm-none-eabi/10.3.1/../../../../arm-none-eabi/lib/thumb/v7e-m+fp/hard\libc.a(lib_a-lseekr.o)
 .text          0x08012bc0        0x0 c:/program files (x86)/gnu arm embedded toolchain/10 2021.10/bin/../lib/gcc/arm-none-eabi/10.3.1/../../../../arm-none-eabi/lib/thumb/v7e-m+fp/hard\libc.a(lib_a-readr.o)
 .text          0x08012bc0       0x50 c:/program files (x86)/gnu arm embedded toolchain/10 2021.10/bin/../lib/gcc/arm-none-eabi/10.3.1/thumb/v7e-m+fp/hard\libgcc.a(_arm_fixdfsi.o)
                0x08012bc0                __aeabi_d2iz
                0x08012bc0                __fixdfsi
 .text          0x08012c10       0x30 c:/program files (x86)/gnu arm embedded toolchain/10 2021.10/bin/../lib/gcc/arm-none-eabi/10.3.1/thumb/v7e-m+fp/hard\libgcc.a(_aeabi_uldivmod.o)
                0x08012c10                __aeabi_uldivmod
 .text          0x08012c40      0x2d0 c:/program files (x86)/gnu arm embedded toolchain/10 2021.10/bin/../lib/gcc/arm-none-eabi/10.3.1/thumb/v7e-m+fp/hard\libgcc.a(_udivmoddi4.o)
                0x08012c40                __udivmoddi4
 .text          0x08012f10        0x4 c:/program files (x86)/gnu arm embedded toolchain/10 2021.10/bin/../lib/gcc/arm-none-eabi/10.3.1/thumb/v7e-m+fp/hard\libgcc.a(_dvmd_tls.o)
                0x08012f10                __aeabi_idiv0
                0x08012f10                __aeabi_ldiv0
 .text          0x08012f14        0x0 c:/program files (x86)/gnu arm embedded toolchain/10 2021.10/bin/../lib/gcc/arm-none-eabi/10.3.1/../../../../arm-none-eabi/lib/thumb/v7e-m+fp/hard\libnosys.a(close.o)
 .text          0x08012f14        0x0 c:/program files (x86)/gnu arm embedded toolchain/10 2021.10/bin/../lib/gcc/arm-none-eabi/10.3.1/../../../../arm-none-eabi/lib/thumb/v7e-m+fp/hard\libnosys.a(fstat.o)
 .text          0x08012f14        0x0 c:/program files (x86)/gnu arm embedded toolchain/10 2021.10/bin/../lib/gcc/arm-none-eabi/10.3.1/../../../../arm-none-eabi/lib/thumb/v7e-m+fp/hard\libnosys.a(getpid.o)
 .text          0x08012f14        0x0 c:/program files (x86)/gnu arm embedded toolchain/10 2021.10/bin/../lib/gcc/arm-none-eabi/10.3.1/../../../../arm-none-eabi/lib/thumb/v7e-m+fp/hard\libnosys.a(isatty.o)
 .text          0x08012f14        0x0 c:/program files (x86)/gnu arm embedded toolchain/10 2021.10/bin/../lib/gcc/arm-none-eabi/10.3.1/../../../../arm-none-eabi/lib/thumb/v7e-m+fp/hard\libnosys.a(kill.o)
 .text          0x08012f14        0x0 c:/program files (x86)/gnu arm embedded toolchain/10 2021.10/bin/../lib/gcc/arm-none-eabi/10.3.1/../../../../arm-none-eabi/lib/thumb/v7e-m+fp/hard\libnosys.a(lseek.o)
 .text          0x08012f14        0x0 c:/program files (x86)/gnu arm embedded toolchain/10 2021.10/bin/../lib/gcc/arm-none-eabi/10.3.1/../../../../arm-none-eabi/lib/thumb/v7e-m+fp/hard\libnosys.a(read.o)
 .text          0x08012f14        0x0 c:/program files (x86)/gnu arm embedded toolchain/10 2021.10/bin/../lib/gcc/arm-none-eabi/10.3.1/../../../../arm-none-eabi/lib/thumb/v7e-m+fp/hard\libnosys.a(sbrk.o)
 .text          0x08012f14        0x0 c:/program files (x86)/gnu arm embedded toolchain/10 2021.10/bin/../lib/gcc/arm-none-eabi/10.3.1/../../../../arm-none-eabi/lib/thumb/v7e-m+fp/hard\libnosys.a(write.o)
 .text          0x08012f14        0x0 c:/program files (x86)/gnu arm embedded toolchain/10 2021.10/bin/../lib/gcc/arm-none-eabi/10.3.1/../../../../arm-none-eabi/lib/thumb/v7e-m+fp/hard\libnosys.a(_exit.o)
 *(.text*)
 .text.Reset_Handler
                0x08012f14       0x60 ./build/startup_stm32f4xx.o
                0x08012f14                Reset_Handler
 .text.Default_Handler
                0x08012f74        0x2 ./build/startup_stm32f4xx.o
                0x08012f74                RTC_Alarm_IRQHandler
                0x08012f74                HASH_RNG_IRQHandler
                0x08012f74                EXTI2_IRQHandler
                0x08012f74                TIM8_CC_IRQHandler
                0x08012f74                DebugMon_Handler
                0x08012f74                TIM1_CC_IRQHandler
                0x08012f74                DMA2_Stream5_IRQHandler
                0x08012f74                HardFault_Handler
                0x08012f74                DMA1_Stream5_IRQHandler
                0x08012f74                PVD_IRQHandler
                0x08012f74                SDIO_IRQHandler
                0x08012f74                TAMP_STAMP_IRQHandler
                0x08012f74                NMI_Handler
                0x08012f74                EXTI3_IRQHandler
                0x08012f74                TIM8_TRG_COM_TIM14_IRQHandler
                0x08012f74                TIM1_UP_TIM10_IRQHandler
                0x08012f74                TIM8_UP_TIM13_IRQHandler
                0x08012f74                I2C3_ER_IRQHandler
                0x08012f74                EXTI0_IRQHandler
                0x08012f74                I2C2_EV_IRQHandler
                0x08012f74                DMA1_Stream2_IRQHandler
                0x08012f74                CAN1_RX0_IRQHandler
                0x08012f74                FPU_IRQHandler
                0x08012f74                OTG_HS_WKUP_IRQHandler
                0x08012f74                UsageFault_Handler
                0x08012f74                CAN2_SCE_IRQHandler
                0x08012f74                DMA2_Stream2_IRQHandler
                0x08012f74                SPI1_IRQHandler
                0x08012f74                TIM6_DAC_IRQHandler
                0x08012f74                TIM1_BRK_TIM9_IRQHandler
                0x08012f74                DCMI_IRQHandler
                0x08012f74                CAN2_RX0_IRQHandler
                0x08012f74                DMA2_Stream3_IRQHandler
                0x08012f74                USART3_IRQHandler
                0x08012f74                CRYP_IRQHandler
                0x08012f74                CAN1_RX1_IRQHandler
                0x08012f74                UART5_IRQHandler
                0x08012f74                DMA2_Stream0_IRQHandler
                0x08012f74                TIM4_IRQHandler
                0x08012f74                I2C1_EV_IRQHandler
                0x08012f74                DMA1_Stream6_IRQHandler
                0x08012f74                DMA1_Stream1_IRQHandler
                0x08012f74                UART4_IRQHandler
                0x08012f74                TIM3_IRQHandler
                0x08012f74                RCC_IRQHandler
                0x08012f74                TIM8_BRK_TIM12_IRQHandler
                0x08012f74                Default_Handler
                0x08012f74                EXTI15_10_IRQHandler
                0x08012f74                ADC_IRQHandler
                0x08012f74                DMA1_Stream7_IRQHandler
                0x08012f74                TIM7_IRQHandler
                0x08012f74                CAN2_TX_IRQHandler
                0x08012f74                TIM5_IRQHandler
                0x08012f74                DMA2_Stream7_IRQHandler
                0x08012f74                I2C3_EV_IRQHandler
                0x08012f74                EXTI9_5_IRQHandler
                0x08012f74                RTC_WKUP_IRQHandler
                0x08012f74                ETH_WKUP_IRQHandler
                0x08012f74                SPI2_IRQHandler
                0x08012f74                OTG_HS_EP1_IN_IRQHandler
                0x08012f74                MemManage_Handler
                0x08012f74                DMA1_Stream0_IRQHandler
                0x08012f74                CAN1_TX_IRQHandler
                0x08012f74                EXTI4_IRQHandler
                0x08012f74                FSMC_IRQHandler
                0x08012f74                ETH_IRQHandler
                0x08012f74                OTG_HS_EP1_OUT_IRQHandler
                0x08012f74                WWDG_IRQHandler
                0x08012f74                TIM2_IRQHandler
                0x08012f74                OTG_FS_WKUP_IRQHandler
                0x08012f74                TIM1_TRG_COM_TIM11_IRQHandler
                0x08012f74                OTG_HS_IRQHandler
                0x08012f74                USART2_IRQHandler
                0x08012f74                I2C2_ER_IRQHandler
                0x08012f74                DMA2_Stream1_IRQHandler
                0x08012f74                CAN1_SCE_IRQHandler
                0x08012f74                FLASH_IRQHandler
                0x08012f74                DMA2_Stream4_IRQHandler
                0x08012f74                BusFault_Handler
                0x08012f74                USART1_IRQHandler
                0x08012f74                OTG_FS_IRQHandler
                0x08012f74                SPI3_IRQHandler
                0x08012f74                DMA1_Stream4_IRQHandler
                0x08012f74                I2C1_ER_IRQHandler
                0x08012f74                DMA2_Stream6_IRQHandler
                0x08012f74                DMA1_Stream3_IRQHandler
 *fill*         0x08012f76        0x2 
 .text.cosf     0x08012f78       0x70 c:/program files (x86)/gnu arm embedded toolchain/10 2021.10/bin/../lib/gcc/arm-none-eabi/10.3.1/../../../../arm-none-eabi/lib/thumb/v7e-m+fp/hard\libm.a(lib_a-sf_cos.o)
                0x08012f78                cosf
 .text.sinf     0x08012fe8       0x74 c:/program files (x86)/gnu arm embedded toolchain/10 2021.10/bin/../lib/gcc/arm-none-eabi/10.3.1/../../../../arm-none-eabi/lib/thumb/v7e-m+fp/hard\libm.a(lib_a-sf_sin.o)
                0x08012fe8                sinf
 .text.acos     0x0801305c       0x68 c:/program files (x86)/gnu arm embedded toolchain/10 2021.10/bin/../lib/gcc/arm-none-eabi/10.3.1/../../../../arm-none-eabi/lib/thumb/v7e-m+fp/hard\libm.a(lib_a-w_acos.o)
                0x0801305c                acos
 *fill*         0x080130c4        0x4 
 .text.pow      0x080130c8       0xf0 c:/program files (x86)/gnu arm embedded toolchain/10 2021.10/bin/../lib/gcc/arm-none-eabi/10.3.1/../../../../arm-none-eabi/lib/thumb/v7e-m+fp/hard\libm.a(lib_a-w_pow.o)
                0x080130c8                pow
 .text.sqrt     0x080131b8       0x68 c:/program files (x86)/gnu arm embedded toolchain/10 2021.10/bin/../lib/gcc/arm-none-eabi/10.3.1/../../../../arm-none-eabi/lib/thumb/v7e-m+fp/hard\libm.a(lib_a-w_sqrt.o)
                0x080131b8                sqrt
 .text.__ieee754_acos
                0x08013220      0x4e0 c:/program files (x86)/gnu arm embedded toolchain/10 2021.10/bin/../lib/gcc/arm-none-eabi/10.3.1/../../../../arm-none-eabi/lib/thumb/v7e-m+fp/hard\libm.a(lib_a-e_acos.o)
                0x08013220                __ieee754_acos
 .text.__ieee754_pow
                0x08013700      0xb74 c:/program files (x86)/gnu arm embedded toolchain/10 2021.10/bin/../lib/gcc/arm-none-eabi/10.3.1/../../../../arm-none-eabi/lib/thumb/v7e-m+fp/hard\libm.a(lib_a-e_pow.o)
                0x08013700                __ieee754_pow
 .text.__ieee754_sqrt
                0x08014274      0x198 c:/program files (x86)/gnu arm embedded toolchain/10 2021.10/bin/../lib/gcc/arm-none-eabi/10.3.1/../../../../arm-none-eabi/lib/thumb/v7e-m+fp/hard\libm.a(lib_a-e_sqrt.o)
                0x08014274                __ieee754_sqrt
 .text.__ieee754_rem_pio2f
                0x0801440c      0x264 c:/program files (x86)/gnu arm embedded toolchain/10 2021.10/bin/../lib/gcc/arm-none-eabi/10.3.1/../../../../arm-none-eabi/lib/thumb/v7e-m+fp/hard\libm.a(lib_a-ef_rem_pio2.o)
                0x0801440c                __ieee754_rem_pio2f
 .text.__kernel_cosf
                0x08014670      0x104 c:/program files (x86)/gnu arm embedded toolchain/10 2021.10/bin/../lib/gcc/arm-none-eabi/10.3.1/../../../../arm-none-eabi/lib/thumb/v7e-m+fp/hard\libm.a(lib_a-kf_cos.o)
                0x08014670                __kernel_cosf
 .text.__kernel_rem_pio2f
                0x08014774      0x674 c:/program files (x86)/gnu arm embedded toolchain/10 2021.10/bin/../lib/gcc/arm-none-eabi/10.3.1/../../../../arm-none-eabi/lib/thumb/v7e-m+fp/hard\libm.a(lib_a-kf_rem_pio2.o)
                0x08014774                __kernel_rem_pio2f
 .text.__kernel_sinf
                0x08014de8       0x90 c:/program files (x86)/gnu arm embedded toolchain/10 2021.10/bin/../lib/gcc/arm-none-eabi/10.3.1/../../../../arm-none-eabi/lib/thumb/v7e-m+fp/hard\libm.a(lib_a-kf_sin.o)
                0x08014de8                __kernel_sinf
 .text.with_errno
                0x08014e78       0x18 c:/program files (x86)/gnu arm embedded toolchain/10 2021.10/bin/../lib/gcc/arm-none-eabi/10.3.1/../../../../arm-none-eabi/lib/thumb/v7e-m+fp/hard\libm.a(lib_a-math_err.o)
 .text.xflow    0x08014e90       0x2c c:/program files (x86)/gnu arm embedded toolchain/10 2021.10/bin/../lib/gcc/arm-none-eabi/10.3.1/../../../../arm-none-eabi/lib/thumb/v7e-m+fp/hard\libm.a(lib_a-math_err.o)
 .text.__math_uflow
                0x08014ebc       0x14 c:/program files (x86)/gnu arm embedded toolchain/10 2021.10/bin/../lib/gcc/arm-none-eabi/10.3.1/../../../../arm-none-eabi/lib/thumb/v7e-m+fp/hard\libm.a(lib_a-math_err.o)
                0x08014ebc                __math_uflow
 .text.__math_may_uflow
                0x08014ed0       0x14 c:/program files (x86)/gnu arm embedded toolchain/10 2021.10/bin/../lib/gcc/arm-none-eabi/10.3.1/../../../../arm-none-eabi/lib/thumb/v7e-m+fp/hard\libm.a(lib_a-math_err.o)
                0x08014ed0                __math_may_uflow
 .text.__math_oflow
                0x08014ee4       0x14 c:/program files (x86)/gnu arm embedded toolchain/10 2021.10/bin/../lib/gcc/arm-none-eabi/10.3.1/../../../../arm-none-eabi/lib/thumb/v7e-m+fp/hard\libm.a(lib_a-math_err.o)
                0x08014ee4                __math_oflow
 .text.__math_divzero
                0x08014ef8       0x38 c:/program files (x86)/gnu arm embedded toolchain/10 2021.10/bin/../lib/gcc/arm-none-eabi/10.3.1/../../../../arm-none-eabi/lib/thumb/v7e-m+fp/hard\libm.a(lib_a-math_err.o)
                0x08014ef8                __math_divzero
 .text.__math_invalid
                0x08014f30       0x50 c:/program files (x86)/gnu arm embedded toolchain/10 2021.10/bin/../lib/gcc/arm-none-eabi/10.3.1/../../../../arm-none-eabi/lib/thumb/v7e-m+fp/hard\libm.a(lib_a-math_err.o)
                0x08014f30                __math_invalid
 .text.__math_check_uflow
                0x08014f80       0x30 c:/program files (x86)/gnu arm embedded toolchain/10 2021.10/bin/../lib/gcc/arm-none-eabi/10.3.1/../../../../arm-none-eabi/lib/thumb/v7e-m+fp/hard\libm.a(lib_a-math_err.o)
                0x08014f80                __math_check_uflow
 .text.__math_check_oflow
                0x08014fb0       0x4c c:/program files (x86)/gnu arm embedded toolchain/10 2021.10/bin/../lib/gcc/arm-none-eabi/10.3.1/../../../../arm-none-eabi/lib/thumb/v7e-m+fp/hard\libm.a(lib_a-math_err.o)
                0x08014fb0                __math_check_oflow
 .text.fabs     0x08014ffc       0x14 c:/program files (x86)/gnu arm embedded toolchain/10 2021.10/bin/../lib/gcc/arm-none-eabi/10.3.1/../../../../arm-none-eabi/lib/thumb/v7e-m+fp/hard\libm.a(lib_a-s_fabs.o)
                0x08014ffc                fabs
 .text.finite   0x08015010       0x18 c:/program files (x86)/gnu arm embedded toolchain/10 2021.10/bin/../lib/gcc/arm-none-eabi/10.3.1/../../../../arm-none-eabi/lib/thumb/v7e-m+fp/hard\libm.a(lib_a-s_finite.o)
                0x08015010                finite
 .text.nan      0x08015028       0x10 c:/program files (x86)/gnu arm embedded toolchain/10 2021.10/bin/../lib/gcc/arm-none-eabi/10.3.1/../../../../arm-none-eabi/lib/thumb/v7e-m+fp/hard\libm.a(lib_a-s_nan.o)
                0x08015028                nan
 .text.scalbn   0x08015038      0x124 c:/program files (x86)/gnu arm embedded toolchain/10 2021.10/bin/../lib/gcc/arm-none-eabi/10.3.1/../../../../arm-none-eabi/lib/thumb/v7e-m+fp/hard\libm.a(lib_a-s_scalbn.o)
                0x08015038                scalbn
 .text.fabsf    0x0801515c       0x10 c:/program files (x86)/gnu arm embedded toolchain/10 2021.10/bin/../lib/gcc/arm-none-eabi/10.3.1/../../../../arm-none-eabi/lib/thumb/v7e-m+fp/hard\libm.a(lib_a-sf_fabs.o)
                0x0801515c                fabsf
 .text.floorf   0x0801516c       0x8c c:/program files (x86)/gnu arm embedded toolchain/10 2021.10/bin/../lib/gcc/arm-none-eabi/10.3.1/../../../../arm-none-eabi/lib/thumb/v7e-m+fp/hard\libm.a(lib_a-sf_floor.o)
                0x0801516c                floorf
 .text.scalbnf  0x080151f8       0xe4 c:/program files (x86)/gnu arm embedded toolchain/10 2021.10/bin/../lib/gcc/arm-none-eabi/10.3.1/../../../../arm-none-eabi/lib/thumb/v7e-m+fp/hard\libm.a(lib_a-sf_scalbn.o)
                0x080151f8                scalbnf
 .text.__errno  0x080152dc        0xc c:/program files (x86)/gnu arm embedded toolchain/10 2021.10/bin/../lib/gcc/arm-none-eabi/10.3.1/../../../../arm-none-eabi/lib/thumb/v7e-m+fp/hard\libc.a(lib_a-errno.o)
                0x080152dc                __errno
 .text.__libc_init_array
                0x080152e8       0x48 c:/program files (x86)/gnu arm embedded toolchain/10 2021.10/bin/../lib/gcc/arm-none-eabi/10.3.1/../../../../arm-none-eabi/lib/thumb/v7e-m+fp/hard\libc.a(lib_a-init.o)
                0x080152e8                __libc_init_array
 .text.memset   0x08015330       0xa4 c:/program files (x86)/gnu arm embedded toolchain/10 2021.10/bin/../lib/gcc/arm-none-eabi/10.3.1/../../../../arm-none-eabi/lib/thumb/v7e-m+fp/hard\libc.a(lib_a-memset.o)
                0x08015330                memset
 .text._snprintf_r
                0x080153d4       0x80 c:/program files (x86)/gnu arm embedded toolchain/10 2021.10/bin/../lib/gcc/arm-none-eabi/10.3.1/../../../../arm-none-eabi/lib/thumb/v7e-m+fp/hard\libc.a(lib_a-snprintf.o)
                0x080153d4                _snprintf_r
 .text.snprintf
                0x08015454       0x88 c:/program files (x86)/gnu arm embedded toolchain/10 2021.10/bin/../lib/gcc/arm-none-eabi/10.3.1/../../../../arm-none-eabi/lib/thumb/v7e-m+fp/hard\libc.a(lib_a-snprintf.o)
                0x08015454                snprintf
 .text.strcpy   0x080154dc       0xbc c:/program files (x86)/gnu arm embedded toolchain/10 2021.10/bin/../lib/gcc/arm-none-eabi/10.3.1/../../../../arm-none-eabi/lib/thumb/v7e-m+fp/hard\libc.a(lib_a-strcpy.o)
                0x080154dc                strcpy
 .text.strtok   0x08015598       0x10 c:/program files (x86)/gnu arm embedded toolchain/10 2021.10/bin/../lib/gcc/arm-none-eabi/10.3.1/../../../../arm-none-eabi/lib/thumb/v7e-m+fp/hard\libc.a(lib_a-strtok.o)
                0x08015598                strtok
 .text.__strtok_r
                0x080155a8       0x64 c:/program files (x86)/gnu arm embedded toolchain/10 2021.10/bin/../lib/gcc/arm-none-eabi/10.3.1/../../../../arm-none-eabi/lib/thumb/v7e-m+fp/hard\libc.a(lib_a-strtok_r.o)
                0x080155a8                __strtok_r
 .text.strtok_r
                0x0801560c        0x8 c:/program files (x86)/gnu arm embedded toolchain/10 2021.10/bin/../lib/gcc/arm-none-eabi/10.3.1/../../../../arm-none-eabi/lib/thumb/v7e-m+fp/hard\libc.a(lib_a-strtok_r.o)
                0x0801560c                strtok_r
 *fill*         0x08015614        0x4 
 .text._svfprintf_r
                0x08015618     0x1acc c:/program files (x86)/gnu arm embedded toolchain/10 2021.10/bin/../lib/gcc/arm-none-eabi/10.3.1/../../../../arm-none-eabi/lib/thumb/v7e-m+fp/hard\libc.a(lib_a-svfprintf.o)
                0x08015618                _svfprintf_r
 .text.quorem   0x080170e4      0x128 c:/program files (x86)/gnu arm embedded toolchain/10 2021.10/bin/../lib/gcc/arm-none-eabi/10.3.1/../../../../arm-none-eabi/lib/thumb/v7e-m+fp/hard\libc.a(lib_a-dtoa.o)
 *fill*         0x0801720c        0x4 
 .text._dtoa_r  0x08017210      0xf3c c:/program files (x86)/gnu arm embedded toolchain/10 2021.10/bin/../lib/gcc/arm-none-eabi/10.3.1/../../../../arm-none-eabi/lib/thumb/v7e-m+fp/hard\libc.a(lib_a-dtoa.o)
                0x08017210                _dtoa_r
 .text._malloc_trim_r
                0x0801814c       0xa0 c:/program files (x86)/gnu arm embedded toolchain/10 2021.10/bin/../lib/gcc/arm-none-eabi/10.3.1/../../../../arm-none-eabi/lib/thumb/v7e-m+fp/hard\libc.a(lib_a-freer.o)
                0x0801814c                _malloc_trim_r
 .text._free_r  0x080181ec      0x20c c:/program files (x86)/gnu arm embedded toolchain/10 2021.10/bin/../lib/gcc/arm-none-eabi/10.3.1/../../../../arm-none-eabi/lib/thumb/v7e-m+fp/hard\libc.a(lib_a-freer.o)
                0x080181ec                _free_r
 .text.__localeconv_l
                0x080183f8        0x4 c:/program files (x86)/gnu arm embedded toolchain/10 2021.10/bin/../lib/gcc/arm-none-eabi/10.3.1/../../../../arm-none-eabi/lib/thumb/v7e-m+fp/hard\libc.a(lib_a-localeconv.o)
                0x080183f8                __localeconv_l
 .text._localeconv_r
                0x080183fc        0x8 c:/program files (x86)/gnu arm embedded toolchain/10 2021.10/bin/../lib/gcc/arm-none-eabi/10.3.1/../../../../arm-none-eabi/lib/thumb/v7e-m+fp/hard\libc.a(lib_a-localeconv.o)
                0x080183fc                _localeconv_r
 .text.localeconv
                0x08018404        0x8 c:/program files (x86)/gnu arm embedded toolchain/10 2021.10/bin/../lib/gcc/arm-none-eabi/10.3.1/../../../../arm-none-eabi/lib/thumb/v7e-m+fp/hard\libc.a(lib_a-localeconv.o)
                0x08018404                localeconv
 .text._malloc_r
                0x0801840c      0x560 c:/program files (x86)/gnu arm embedded toolchain/10 2021.10/bin/../lib/gcc/arm-none-eabi/10.3.1/../../../../arm-none-eabi/lib/thumb/v7e-m+fp/hard\libc.a(lib_a-mallocr.o)
                0x0801840c                _malloc_r
 .text.__malloc_lock
                0x0801896c        0xc c:/program files (x86)/gnu arm embedded toolchain/10 2021.10/bin/../lib/gcc/arm-none-eabi/10.3.1/../../../../arm-none-eabi/lib/thumb/v7e-m+fp/hard\libc.a(lib_a-mlock.o)
                0x0801896c                __malloc_lock
 .text.__malloc_unlock
                0x08018978        0xc c:/program files (x86)/gnu arm embedded toolchain/10 2021.10/bin/../lib/gcc/arm-none-eabi/10.3.1/../../../../arm-none-eabi/lib/thumb/v7e-m+fp/hard\libc.a(lib_a-mlock.o)
                0x08018978                __malloc_unlock
 .text._Balloc  0x08018984       0x4c c:/program files (x86)/gnu arm embedded toolchain/10 2021.10/bin/../lib/gcc/arm-none-eabi/10.3.1/../../../../arm-none-eabi/lib/thumb/v7e-m+fp/hard\libc.a(lib_a-mprec.o)
                0x08018984                _Balloc
 .text._Bfree   0x080189d0       0x14 c:/program files (x86)/gnu arm embedded toolchain/10 2021.10/bin/../lib/gcc/arm-none-eabi/10.3.1/../../../../arm-none-eabi/lib/thumb/v7e-m+fp/hard\libc.a(lib_a-mprec.o)
                0x080189d0                _Bfree
 .text.__multadd
                0x080189e4       0xa8 c:/program files (x86)/gnu arm embedded toolchain/10 2021.10/bin/../lib/gcc/arm-none-eabi/10.3.1/../../../../arm-none-eabi/lib/thumb/v7e-m+fp/hard\libc.a(lib_a-mprec.o)
                0x080189e4                __multadd
 .text.__s2b    0x08018a8c       0xb4 c:/program files (x86)/gnu arm embedded toolchain/10 2021.10/bin/../lib/gcc/arm-none-eabi/10.3.1/../../../../arm-none-eabi/lib/thumb/v7e-m+fp/hard\libc.a(lib_a-mprec.o)
                0x08018a8c                __s2b
 .text.__hi0bits
                0x08018b40       0x40 c:/program files (x86)/gnu arm embedded toolchain/10 2021.10/bin/../lib/gcc/arm-none-eabi/10.3.1/../../../../arm-none-eabi/lib/thumb/v7e-m+fp/hard\libc.a(lib_a-mprec.o)
                0x08018b40                __hi0bits
 .text.__lo0bits
                0x08018b80       0x60 c:/program files (x86)/gnu arm embedded toolchain/10 2021.10/bin/../lib/gcc/arm-none-eabi/10.3.1/../../../../arm-none-eabi/lib/thumb/v7e-m+fp/hard\libc.a(lib_a-mprec.o)
                0x08018b80                __lo0bits
 .text.__i2b    0x08018be0       0x5c c:/program files (x86)/gnu arm embedded toolchain/10 2021.10/bin/../lib/gcc/arm-none-eabi/10.3.1/../../../../arm-none-eabi/lib/thumb/v7e-m+fp/hard\libc.a(lib_a-mprec.o)
                0x08018be0                __i2b
 .text.__multiply
                0x08018c3c      0x15c c:/program files (x86)/gnu arm embedded toolchain/10 2021.10/bin/../lib/gcc/arm-none-eabi/10.3.1/../../../../arm-none-eabi/lib/thumb/v7e-m+fp/hard\libc.a(lib_a-mprec.o)
                0x08018c3c                __multiply
 .text.__pow5mult
                0x08018d98       0xc0 c:/program files (x86)/gnu arm embedded toolchain/10 2021.10/bin/../lib/gcc/arm-none-eabi/10.3.1/../../../../arm-none-eabi/lib/thumb/v7e-m+fp/hard\libc.a(lib_a-mprec.o)
                0x08018d98                __pow5mult
 .text.__lshift
                0x08018e58       0xf0 c:/program files (x86)/gnu arm embedded toolchain/10 2021.10/bin/../lib/gcc/arm-none-eabi/10.3.1/../../../../arm-none-eabi/lib/thumb/v7e-m+fp/hard\libc.a(lib_a-mprec.o)
                0x08018e58                __lshift
 .text.__mcmp   0x08018f48       0x44 c:/program files (x86)/gnu arm embedded toolchain/10 2021.10/bin/../lib/gcc/arm-none-eabi/10.3.1/../../../../arm-none-eabi/lib/thumb/v7e-m+fp/hard\libc.a(lib_a-mprec.o)
                0x08018f48                __mcmp
 .text.__mdiff  0x08018f8c      0x14c c:/program files (x86)/gnu arm embedded toolchain/10 2021.10/bin/../lib/gcc/arm-none-eabi/10.3.1/../../../../arm-none-eabi/lib/thumb/v7e-m+fp/hard\libc.a(lib_a-mprec.o)
                0x08018f8c                __mdiff
 .text.__ulp    0x080190d8       0x60 c:/program files (x86)/gnu arm embedded toolchain/10 2021.10/bin/../lib/gcc/arm-none-eabi/10.3.1/../../../../arm-none-eabi/lib/thumb/v7e-m+fp/hard\libc.a(lib_a-mprec.o)
                0x080190d8                __ulp
 .text.__b2d    0x08019138       0xc0 c:/program files (x86)/gnu arm embedded toolchain/10 2021.10/bin/../lib/gcc/arm-none-eabi/10.3.1/../../../../arm-none-eabi/lib/thumb/v7e-m+fp/hard\libc.a(lib_a-mprec.o)
                0x08019138                __b2d
 .text.__d2b    0x080191f8       0xd0 c:/program files (x86)/gnu arm embedded toolchain/10 2021.10/bin/../lib/gcc/arm-none-eabi/10.3.1/../../../../arm-none-eabi/lib/thumb/v7e-m+fp/hard\libc.a(lib_a-mprec.o)
                0x080191f8                __d2b
 .text.__ratio  0x080192c8       0x5c c:/program files (x86)/gnu arm embedded toolchain/10 2021.10/bin/../lib/gcc/arm-none-eabi/10.3.1/../../../../arm-none-eabi/lib/thumb/v7e-m+fp/hard\libc.a(lib_a-mprec.o)
                0x080192c8                __ratio
 .text._mprec_log10
                0x08019324       0x40 c:/program files (x86)/gnu arm embedded toolchain/10 2021.10/bin/../lib/gcc/arm-none-eabi/10.3.1/../../../../arm-none-eabi/lib/thumb/v7e-m+fp/hard\libc.a(lib_a-mprec.o)
                0x08019324                _mprec_log10
 .text.__copybits
                0x08019364       0x5c c:/program files (x86)/gnu arm embedded toolchain/10 2021.10/bin/../lib/gcc/arm-none-eabi/10.3.1/../../../../arm-none-eabi/lib/thumb/v7e-m+fp/hard\libc.a(lib_a-mprec.o)
                0x08019364                __copybits
 .text.__any_on
                0x080193c0       0x64 c:/program files (x86)/gnu arm embedded toolchain/10 2021.10/bin/../lib/gcc/arm-none-eabi/10.3.1/../../../../arm-none-eabi/lib/thumb/v7e-m+fp/hard\libc.a(lib_a-mprec.o)
                0x080193c0                __any_on
 .text.frexp    0x08019424       0x6c c:/program files (x86)/gnu arm embedded toolchain/10 2021.10/bin/../lib/gcc/arm-none-eabi/10.3.1/../../../../arm-none-eabi/lib/thumb/v7e-m+fp/hard\libc.a(lib_a-s_frexp.o)
                0x08019424                frexp
 .text._sbrk_r  0x08019490       0x24 c:/program files (x86)/gnu arm embedded toolchain/10 2021.10/bin/../lib/gcc/arm-none-eabi/10.3.1/../../../../arm-none-eabi/lib/thumb/v7e-m+fp/hard\libc.a(lib_a-sbrkr.o)
                0x08019490                _sbrk_r
 .text.strncpy  0x080194b4       0x64 c:/program files (x86)/gnu arm embedded toolchain/10 2021.10/bin/../lib/gcc/arm-none-eabi/10.3.1/../../../../arm-none-eabi/lib/thumb/v7e-m+fp/hard\libc.a(lib_a-strncpy.o)
                0x080194b4                strncpy
 .text.__ssprint_r
                0x08019518       0xf8 c:/program files (x86)/gnu arm embedded toolchain/10 2021.10/bin/../lib/gcc/arm-none-eabi/10.3.1/../../../../arm-none-eabi/lib/thumb/v7e-m+fp/hard\libc.a(lib_a-svfiprintf.o)
                0x08019518                __ssprint_r
 .text._svfiprintf_r
                0x08019610      0xb98 c:/program files (x86)/gnu arm embedded toolchain/10 2021.10/bin/../lib/gcc/arm-none-eabi/10.3.1/../../../../arm-none-eabi/lib/thumb/v7e-m+fp/hard\libc.a(lib_a-svfiprintf.o)
                0x08019610                _svfiprintf_r
 .text.__assert_func
                0x0801a1a8       0x40 c:/program files (x86)/gnu arm embedded toolchain/10 2021.10/bin/../lib/gcc/arm-none-eabi/10.3.1/../../../../arm-none-eabi/lib/thumb/v7e-m+fp/hard\libc.a(lib_a-assert.o)
                0x0801a1a8                __assert_func
 .text.__assert
                0x0801a1e8        0xc c:/program files (x86)/gnu arm embedded toolchain/10 2021.10/bin/../lib/gcc/arm-none-eabi/10.3.1/../../../../arm-none-eabi/lib/thumb/v7e-m+fp/hard\libc.a(lib_a-assert.o)
                0x0801a1e8                __assert
 .text._calloc_r
                0x0801a1f4       0x78 c:/program files (x86)/gnu arm embedded toolchain/10 2021.10/bin/../lib/gcc/arm-none-eabi/10.3.1/../../../../arm-none-eabi/lib/thumb/v7e-m+fp/hard\libc.a(lib_a-callocr.o)
                0x0801a1f4                _calloc_r
 .text._fiprintf_r
                0x0801a26c       0x1c c:/program files (x86)/gnu arm embedded toolchain/10 2021.10/bin/../lib/gcc/arm-none-eabi/10.3.1/../../../../arm-none-eabi/lib/thumb/v7e-m+fp/hard\libc.a(lib_a-fiprintf.o)
                0x0801a26c                _fiprintf_r
 .text.fiprintf
                0x0801a288       0x28 c:/program files (x86)/gnu arm embedded toolchain/10 2021.10/bin/../lib/gcc/arm-none-eabi/10.3.1/../../../../arm-none-eabi/lib/thumb/v7e-m+fp/hard\libc.a(lib_a-fiprintf.o)
                0x0801a288                fiprintf
 .text._setlocale_r
                0x0801a2b0       0x40 c:/program files (x86)/gnu arm embedded toolchain/10 2021.10/bin/../lib/gcc/arm-none-eabi/10.3.1/../../../../arm-none-eabi/lib/thumb/v7e-m+fp/hard\libc.a(lib_a-locale.o)
                0x0801a2b0                _setlocale_r
 .text.__locale_mb_cur_max
                0x0801a2f0        0xc c:/program files (x86)/gnu arm embedded toolchain/10 2021.10/bin/../lib/gcc/arm-none-eabi/10.3.1/../../../../arm-none-eabi/lib/thumb/v7e-m+fp/hard\libc.a(lib_a-locale.o)
                0x0801a2f0                __locale_mb_cur_max
 .text.setlocale
                0x0801a2fc       0x40 c:/program files (x86)/gnu arm embedded toolchain/10 2021.10/bin/../lib/gcc/arm-none-eabi/10.3.1/../../../../arm-none-eabi/lib/thumb/v7e-m+fp/hard\libc.a(lib_a-locale.o)
                0x0801a2fc                setlocale
 .text.__retarget_lock_init
                0x0801a33c        0x4 c:/program files (x86)/gnu arm embedded toolchain/10 2021.10/bin/../lib/gcc/arm-none-eabi/10.3.1/../../../../arm-none-eabi/lib/thumb/v7e-m+fp/hard\libc.a(lib_a-lock.o)
                0x0801a33c                __retarget_lock_init
 .text.__retarget_lock_init_recursive
                0x0801a340        0x4 c:/program files (x86)/gnu arm embedded toolchain/10 2021.10/bin/../lib/gcc/arm-none-eabi/10.3.1/../../../../arm-none-eabi/lib/thumb/v7e-m+fp/hard\libc.a(lib_a-lock.o)
                0x0801a340                __retarget_lock_init_recursive
 .text.__retarget_lock_close
                0x0801a344        0x4 c:/program files (x86)/gnu arm embedded toolchain/10 2021.10/bin/../lib/gcc/arm-none-eabi/10.3.1/../../../../arm-none-eabi/lib/thumb/v7e-m+fp/hard\libc.a(lib_a-lock.o)
                0x0801a344                __retarget_lock_close
 .text.__retarget_lock_close_recursive
                0x0801a348        0x4 c:/program files (x86)/gnu arm embedded toolchain/10 2021.10/bin/../lib/gcc/arm-none-eabi/10.3.1/../../../../arm-none-eabi/lib/thumb/v7e-m+fp/hard\libc.a(lib_a-lock.o)
                0x0801a348                __retarget_lock_close_recursive
 .text.__retarget_lock_acquire
                0x0801a34c        0x4 c:/program files (x86)/gnu arm embedded toolchain/10 2021.10/bin/../lib/gcc/arm-none-eabi/10.3.1/../../../../arm-none-eabi/lib/thumb/v7e-m+fp/hard\libc.a(lib_a-lock.o)
                0x0801a34c                __retarget_lock_acquire
 .text.__retarget_lock_acquire_recursive
                0x0801a350        0x4 c:/program files (x86)/gnu arm embedded toolchain/10 2021.10/bin/../lib/gcc/arm-none-eabi/10.3.1/../../../../arm-none-eabi/lib/thumb/v7e-m+fp/hard\libc.a(lib_a-lock.o)
                0x0801a350                __retarget_lock_acquire_recursive
 .text.__retarget_lock_try_acquire
                0x0801a354        0x4 c:/program files (x86)/gnu arm embedded toolchain/10 2021.10/bin/../lib/gcc/arm-none-eabi/10.3.1/../../../../arm-none-eabi/lib/thumb/v7e-m+fp/hard\libc.a(lib_a-lock.o)
                0x0801a354                __retarget_lock_try_acquire
 .text.__retarget_lock_try_acquire_recursive
                0x0801a358        0x4 c:/program files (x86)/gnu arm embedded toolchain/10 2021.10/bin/../lib/gcc/arm-none-eabi/10.3.1/../../../../arm-none-eabi/lib/thumb/v7e-m+fp/hard\libc.a(lib_a-lock.o)
                0x0801a358                __retarget_lock_try_acquire_recursive
 .text.__retarget_lock_release
                0x0801a35c        0x4 c:/program files (x86)/gnu arm embedded toolchain/10 2021.10/bin/../lib/gcc/arm-none-eabi/10.3.1/../../../../arm-none-eabi/lib/thumb/v7e-m+fp/hard\libc.a(lib_a-lock.o)
                0x0801a35c                __retarget_lock_release
 .text.__retarget_lock_release_recursive
                0x0801a360        0x4 c:/program files (x86)/gnu arm embedded toolchain/10 2021.10/bin/../lib/gcc/arm-none-eabi/10.3.1/../../../../arm-none-eabi/lib/thumb/v7e-m+fp/hard\libc.a(lib_a-lock.o)
                0x0801a360                __retarget_lock_release_recursive
 .text._mbtowc_r
                0x0801a364       0x14 c:/program files (x86)/gnu arm embedded toolchain/10 2021.10/bin/../lib/gcc/arm-none-eabi/10.3.1/../../../../arm-none-eabi/lib/thumb/v7e-m+fp/hard\libc.a(lib_a-mbtowc_r.o)
                0x0801a364                _mbtowc_r
 .text.__ascii_mbtowc
                0x0801a378       0x2c c:/program files (x86)/gnu arm embedded toolchain/10 2021.10/bin/../lib/gcc/arm-none-eabi/10.3.1/../../../../arm-none-eabi/lib/thumb/v7e-m+fp/hard\libc.a(lib_a-mbtowc_r.o)
                0x0801a378                __ascii_mbtowc
 .text.memmove  0x0801a3a4       0xf8 c:/program files (x86)/gnu arm embedded toolchain/10 2021.10/bin/../lib/gcc/arm-none-eabi/10.3.1/../../../../arm-none-eabi/lib/thumb/v7e-m+fp/hard\libc.a(lib_a-memmove.o)
                0x0801a3a4                memmove
 .text._realloc_r
                0x0801a49c      0x3d8 c:/program files (x86)/gnu arm embedded toolchain/10 2021.10/bin/../lib/gcc/arm-none-eabi/10.3.1/../../../../arm-none-eabi/lib/thumb/v7e-m+fp/hard\libc.a(lib_a-reallocr.o)
                0x0801a49c                _realloc_r
 .text.cleanup_glue
                0x0801a874       0x48 c:/program files (x86)/gnu arm embedded toolchain/10 2021.10/bin/../lib/gcc/arm-none-eabi/10.3.1/../../../../arm-none-eabi/lib/thumb/v7e-m+fp/hard\libc.a(lib_a-reent.o)
                0x0801a874                cleanup_glue
 .text._reclaim_reent
                0x0801a8bc       0x90 c:/program files (x86)/gnu arm embedded toolchain/10 2021.10/bin/../lib/gcc/arm-none-eabi/10.3.1/../../../../arm-none-eabi/lib/thumb/v7e-m+fp/hard\libc.a(lib_a-reent.o)
                0x0801a8bc                _reclaim_reent
 .text.__sprint_r.part.0
                0x0801a94c       0x78 c:/program files (x86)/gnu arm embedded toolchain/10 2021.10/bin/../lib/gcc/arm-none-eabi/10.3.1/../../../../arm-none-eabi/lib/thumb/v7e-m+fp/hard\libc.a(lib_a-vfiprintf.o)
 .text.__sprint_r
                0x0801a9c4       0x18 c:/program files (x86)/gnu arm embedded toolchain/10 2021.10/bin/../lib/gcc/arm-none-eabi/10.3.1/../../../../arm-none-eabi/lib/thumb/v7e-m+fp/hard\libc.a(lib_a-vfiprintf.o)
                0x0801a9c4                __sprint_r
 .text._vfiprintf_r
                0x0801a9dc      0xdfc c:/program files (x86)/gnu arm embedded toolchain/10 2021.10/bin/../lib/gcc/arm-none-eabi/10.3.1/../../../../arm-none-eabi/lib/thumb/v7e-m+fp/hard\libc.a(lib_a-vfiprintf.o)
                0x0801a9dc                _vfiprintf_r
 .text.vfiprintf
                0x0801b7d8       0x1c c:/program files (x86)/gnu arm embedded toolchain/10 2021.10/bin/../lib/gcc/arm-none-eabi/10.3.1/../../../../arm-none-eabi/lib/thumb/v7e-m+fp/hard\libc.a(lib_a-vfiprintf.o)
                0x0801b7d8                vfiprintf
 .text.__sbprintf
                0x0801b7f4       0x80 c:/program files (x86)/gnu arm embedded toolchain/10 2021.10/bin/../lib/gcc/arm-none-eabi/10.3.1/../../../../arm-none-eabi/lib/thumb/v7e-m+fp/hard\libc.a(lib_a-vfiprintf.o)
 .text._wctomb_r
                0x0801b874       0x14 c:/program files (x86)/gnu arm embedded toolchain/10 2021.10/bin/../lib/gcc/arm-none-eabi/10.3.1/../../../../arm-none-eabi/lib/thumb/v7e-m+fp/hard\libc.a(lib_a-wctomb_r.o)
                0x0801b874                _wctomb_r
 .text.__ascii_wctomb
                0x0801b888       0x1c c:/program files (x86)/gnu arm embedded toolchain/10 2021.10/bin/../lib/gcc/arm-none-eabi/10.3.1/../../../../arm-none-eabi/lib/thumb/v7e-m+fp/hard\libc.a(lib_a-wctomb_r.o)
                0x0801b888                __ascii_wctomb
 .text.__swsetup_r
                0x0801b8a4       0xd4 c:/program files (x86)/gnu arm embedded toolchain/10 2021.10/bin/../lib/gcc/arm-none-eabi/10.3.1/../../../../arm-none-eabi/lib/thumb/v7e-m+fp/hard\libc.a(lib_a-wsetup.o)
                0x0801b8a4                __swsetup_r
 .text.abort    0x0801b978       0x10 c:/program files (x86)/gnu arm embedded toolchain/10 2021.10/bin/../lib/gcc/arm-none-eabi/10.3.1/../../../../arm-none-eabi/lib/thumb/v7e-m+fp/hard\libc.a(lib_a-abort.o)
                0x0801b978                abort
 .text.__sflush_r
                0x0801b988      0x130 c:/program files (x86)/gnu arm embedded toolchain/10 2021.10/bin/../lib/gcc/arm-none-eabi/10.3.1/../../../../arm-none-eabi/lib/thumb/v7e-m+fp/hard\libc.a(lib_a-fflush.o)
                0x0801b988                __sflush_r
 .text._fflush_r
                0x0801bab8       0x5c c:/program files (x86)/gnu arm embedded toolchain/10 2021.10/bin/../lib/gcc/arm-none-eabi/10.3.1/../../../../arm-none-eabi/lib/thumb/v7e-m+fp/hard\libc.a(lib_a-fflush.o)
                0x0801bab8                _fflush_r
 .text.fflush   0x0801bb14       0x74 c:/program files (x86)/gnu arm embedded toolchain/10 2021.10/bin/../lib/gcc/arm-none-eabi/10.3.1/../../../../arm-none-eabi/lib/thumb/v7e-m+fp/hard\libc.a(lib_a-fflush.o)
                0x0801bb14                fflush
 .text._cleanup_r
                0x0801bb88        0xc c:/program files (x86)/gnu arm embedded toolchain/10 2021.10/bin/../lib/gcc/arm-none-eabi/10.3.1/../../../../arm-none-eabi/lib/thumb/v7e-m+fp/hard\libc.a(lib_a-findfp.o)
                0x0801bb88                _cleanup_r
 .text.__fp_lock
                0x0801bb94       0x1c c:/program files (x86)/gnu arm embedded toolchain/10 2021.10/bin/../lib/gcc/arm-none-eabi/10.3.1/../../../../arm-none-eabi/lib/thumb/v7e-m+fp/hard\libc.a(lib_a-findfp.o)
 .text.__fp_unlock
                0x0801bbb0       0x1c c:/program files (x86)/gnu arm embedded toolchain/10 2021.10/bin/../lib/gcc/arm-none-eabi/10.3.1/../../../../arm-none-eabi/lib/thumb/v7e-m+fp/hard\libc.a(lib_a-findfp.o)
 .text.__sfmoreglue
                0x0801bbcc       0x30 c:/program files (x86)/gnu arm embedded toolchain/10 2021.10/bin/../lib/gcc/arm-none-eabi/10.3.1/../../../../arm-none-eabi/lib/thumb/v7e-m+fp/hard\libc.a(lib_a-findfp.o)
                0x0801bbcc                __sfmoreglue
 .text._cleanup
                0x0801bbfc       0x14 c:/program files (x86)/gnu arm embedded toolchain/10 2021.10/bin/../lib/gcc/arm-none-eabi/10.3.1/../../../../arm-none-eabi/lib/thumb/v7e-m+fp/hard\libc.a(lib_a-findfp.o)
                0x0801bbfc                _cleanup
 .text.__sinit  0x0801bc10      0x10c c:/program files (x86)/gnu arm embedded toolchain/10 2021.10/bin/../lib/gcc/arm-none-eabi/10.3.1/../../../../arm-none-eabi/lib/thumb/v7e-m+fp/hard\libc.a(lib_a-findfp.o)
                0x0801bc10                __sinit
 .text.__sfp    0x0801bd1c       0xc8 c:/program files (x86)/gnu arm embedded toolchain/10 2021.10/bin/../lib/gcc/arm-none-eabi/10.3.1/../../../../arm-none-eabi/lib/thumb/v7e-m+fp/hard\libc.a(lib_a-findfp.o)
                0x0801bd1c                __sfp
 .text.__sfp_lock_acquire
                0x0801bde4        0xc c:/program files (x86)/gnu arm embedded toolchain/10 2021.10/bin/../lib/gcc/arm-none-eabi/10.3.1/../../../../arm-none-eabi/lib/thumb/v7e-m+fp/hard\libc.a(lib_a-findfp.o)
                0x0801bde4                __sfp_lock_acquire
 .text.__sfp_lock_release
                0x0801bdf0        0xc c:/program files (x86)/gnu arm embedded toolchain/10 2021.10/bin/../lib/gcc/arm-none-eabi/10.3.1/../../../../arm-none-eabi/lib/thumb/v7e-m+fp/hard\libc.a(lib_a-findfp.o)
                0x0801bdf0                __sfp_lock_release
 .text.__sinit_lock_acquire
                0x0801bdfc        0xc c:/program files (x86)/gnu arm embedded toolchain/10 2021.10/bin/../lib/gcc/arm-none-eabi/10.3.1/../../../../arm-none-eabi/lib/thumb/v7e-m+fp/hard\libc.a(lib_a-findfp.o)
                0x0801bdfc                __sinit_lock_acquire
 .text.__sinit_lock_release
                0x0801be08        0xc c:/program files (x86)/gnu arm embedded toolchain/10 2021.10/bin/../lib/gcc/arm-none-eabi/10.3.1/../../../../arm-none-eabi/lib/thumb/v7e-m+fp/hard\libc.a(lib_a-findfp.o)
                0x0801be08                __sinit_lock_release
 .text.__fp_lock_all
                0x0801be14       0x24 c:/program files (x86)/gnu arm embedded toolchain/10 2021.10/bin/../lib/gcc/arm-none-eabi/10.3.1/../../../../arm-none-eabi/lib/thumb/v7e-m+fp/hard\libc.a(lib_a-findfp.o)
                0x0801be14                __fp_lock_all
 .text.__fp_unlock_all
                0x0801be38       0x24 c:/program files (x86)/gnu arm embedded toolchain/10 2021.10/bin/../lib/gcc/arm-none-eabi/10.3.1/../../../../arm-none-eabi/lib/thumb/v7e-m+fp/hard\libc.a(lib_a-findfp.o)
                0x0801be38                __fp_unlock_all
 .text.__fputwc
                0x0801be5c       0xa8 c:/program files (x86)/gnu arm embedded toolchain/10 2021.10/bin/../lib/gcc/arm-none-eabi/10.3.1/../../../../arm-none-eabi/lib/thumb/v7e-m+fp/hard\libc.a(lib_a-fputwc.o)
                0x0801be5c                __fputwc
 .text._fputwc_r
                0x0801bf04       0x68 c:/program files (x86)/gnu arm embedded toolchain/10 2021.10/bin/../lib/gcc/arm-none-eabi/10.3.1/../../../../arm-none-eabi/lib/thumb/v7e-m+fp/hard\libc.a(lib_a-fputwc.o)
                0x0801bf04                _fputwc_r
 .text.fputwc   0x0801bf6c       0x74 c:/program files (x86)/gnu arm embedded toolchain/10 2021.10/bin/../lib/gcc/arm-none-eabi/10.3.1/../../../../arm-none-eabi/lib/thumb/v7e-m+fp/hard\libc.a(lib_a-fputwc.o)
                0x0801bf6c                fputwc
 .text.__sfvwrite_r
                0x0801bfe0      0x2f0 c:/program files (x86)/gnu arm embedded toolchain/10 2021.10/bin/../lib/gcc/arm-none-eabi/10.3.1/../../../../arm-none-eabi/lib/thumb/v7e-m+fp/hard\libc.a(lib_a-fvwrite.o)
                0x0801bfe0                __sfvwrite_r
 .text._fwalk   0x0801c2d0       0x40 c:/program files (x86)/gnu arm embedded toolchain/10 2021.10/bin/../lib/gcc/arm-none-eabi/10.3.1/../../../../arm-none-eabi/lib/thumb/v7e-m+fp/hard\libc.a(lib_a-fwalk.o)
                0x0801c2d0                _fwalk
 .text._fwalk_reent
                0x0801c310       0x48 c:/program files (x86)/gnu arm embedded toolchain/10 2021.10/bin/../lib/gcc/arm-none-eabi/10.3.1/../../../../arm-none-eabi/lib/thumb/v7e-m+fp/hard\libc.a(lib_a-fwalk.o)
                0x0801c310                _fwalk_reent
 .text.__smakebuf_r
                0x0801c358       0xe0 c:/program files (x86)/gnu arm embedded toolchain/10 2021.10/bin/../lib/gcc/arm-none-eabi/10.3.1/../../../../arm-none-eabi/lib/thumb/v7e-m+fp/hard\libc.a(lib_a-makebuf.o)
                0x0801c358                __smakebuf_r
 .text.__swhatbuf_r